../Core/Src/main.c:132:6:USBH_HID_EventCallback	2
../Core/Src/main.c:148:6:HAL_UART_RxCpltCallback	4
../Core/Src/main.c:165:6:HAL_TIM_PeriodElapsedCallback	51
../Core/Src/main.c:460:6:pointerWorks	1
../Core/Src/main.c:493:5:main	3
../Core/Src/main.c:579:6:SystemClock_Config	3
../Core/Src/main.c:625:13:MX_ADC1_Init	3
../Core/Src/main.c:677:13:MX_TIM1_Init	3
../Core/Src/main.c:727:13:MX_TIM2_Init	3
../Core/Src/main.c:776:13:MX_TIM10_Init	2
../Core/Src/main.c:807:13:MX_TIM12_Init	4
../Core/Src/main.c:853:13:MX_TIM14_Init	4
../Core/Src/main.c:899:13:MX_USART1_UART_Init	2
../Core/Src/main.c:932:13:MX_USART2_UART_Init	2
../Core/Src/main.c:965:13:MX_USART3_UART_Init	2
../Core/Src/main.c:998:13:MX_GPIO_Init	1
../Core/Src/main.c:1153:6:HAL_GPIO_EXTI_Callback	1
../Core/Src/main.c:1165:6:Error_Handler	1
