Archive member included to satisfy reference by file (symbol)

C:/ST/STM32CubeIDE_1.11.2/STM32CubeIDE/plugins/com.st.stm32cube.ide.mcu.externaltools.gnu-tools-for-stm32.11.3.rel1.win32_1.1.100.202309141235/tools/bin/../lib/gcc/arm-none-eabi/11.3.1/../../../../arm-none-eabi/lib/thumb/v7e-m+fp/hard\libc_nano.a(libc_a-exit.o)
                              C:/ST/STM32CubeIDE_1.11.2/STM32CubeIDE/plugins/com.st.stm32cube.ide.mcu.externaltools.gnu-tools-for-stm32.11.3.rel1.win32_1.1.100.202309141235/tools/bin/../lib/gcc/arm-none-eabi/11.3.1/../../../../arm-none-eabi/lib/thumb/v7e-m+fp/hard/crt0.o (exit)
C:/ST/STM32CubeIDE_1.11.2/STM32CubeIDE/plugins/com.st.stm32cube.ide.mcu.externaltools.gnu-tools-for-stm32.11.3.rel1.win32_1.1.100.202309141235/tools/bin/../lib/gcc/arm-none-eabi/11.3.1/../../../../arm-none-eabi/lib/thumb/v7e-m+fp/hard\libc_nano.a(libc_a-malloc.o)
                              ./Core/Src/uart_proto.o (malloc)
C:/ST/STM32CubeIDE_1.11.2/STM32CubeIDE/plugins/com.st.stm32cube.ide.mcu.externaltools.gnu-tools-for-stm32.11.3.rel1.win32_1.1.100.202309141235/tools/bin/../lib/gcc/arm-none-eabi/11.3.1/../../../../arm-none-eabi/lib/thumb/v7e-m+fp/hard\libc_nano.a(libc_a-mallocr.o)
                              C:/ST/STM32CubeIDE_1.11.2/STM32CubeIDE/plugins/com.st.stm32cube.ide.mcu.externaltools.gnu-tools-for-stm32.11.3.rel1.win32_1.1.100.202309141235/tools/bin/../lib/gcc/arm-none-eabi/11.3.1/../../../../arm-none-eabi/lib/thumb/v7e-m+fp/hard\libc_nano.a(libc_a-malloc.o) (_malloc_r)
C:/ST/STM32CubeIDE_1.11.2/STM32CubeIDE/plugins/com.st.stm32cube.ide.mcu.externaltools.gnu-tools-for-stm32.11.3.rel1.win32_1.1.100.202309141235/tools/bin/../lib/gcc/arm-none-eabi/11.3.1/../../../../arm-none-eabi/lib/thumb/v7e-m+fp/hard\libc_nano.a(libc_a-mlock.o)
                              C:/ST/STM32CubeIDE_1.11.2/STM32CubeIDE/plugins/com.st.stm32cube.ide.mcu.externaltools.gnu-tools-for-stm32.11.3.rel1.win32_1.1.100.202309141235/tools/bin/../lib/gcc/arm-none-eabi/11.3.1/../../../../arm-none-eabi/lib/thumb/v7e-m+fp/hard\libc_nano.a(libc_a-mallocr.o) (__malloc_lock)
C:/ST/STM32CubeIDE_1.11.2/STM32CubeIDE/plugins/com.st.stm32cube.ide.mcu.externaltools.gnu-tools-for-stm32.11.3.rel1.win32_1.1.100.202309141235/tools/bin/../lib/gcc/arm-none-eabi/11.3.1/../../../../arm-none-eabi/lib/thumb/v7e-m+fp/hard\libc_nano.a(libc_a-strtod.o)
                              ./Core/Src/lwgps.o (strtod)
C:/ST/STM32CubeIDE_1.11.2/STM32CubeIDE/plugins/com.st.stm32cube.ide.mcu.externaltools.gnu-tools-for-stm32.11.3.rel1.win32_1.1.100.202309141235/tools/bin/../lib/gcc/arm-none-eabi/11.3.1/../../../../arm-none-eabi/lib/thumb/v7e-m+fp/hard\libc_nano.a(libc_a-findfp.o)
                              C:/ST/STM32CubeIDE_1.11.2/STM32CubeIDE/plugins/com.st.stm32cube.ide.mcu.externaltools.gnu-tools-for-stm32.11.3.rel1.win32_1.1.100.202309141235/tools/bin/../lib/gcc/arm-none-eabi/11.3.1/../../../../arm-none-eabi/lib/thumb/v7e-m+fp/hard\libc_nano.a(libc_a-exit.o) (__stdio_exit_handler)
C:/ST/STM32CubeIDE_1.11.2/STM32CubeIDE/plugins/com.st.stm32cube.ide.mcu.externaltools.gnu-tools-for-stm32.11.3.rel1.win32_1.1.100.202309141235/tools/bin/../lib/gcc/arm-none-eabi/11.3.1/../../../../arm-none-eabi/lib/thumb/v7e-m+fp/hard\libc_nano.a(libc_a-fwalk.o)
                              C:/ST/STM32CubeIDE_1.11.2/STM32CubeIDE/plugins/com.st.stm32cube.ide.mcu.externaltools.gnu-tools-for-stm32.11.3.rel1.win32_1.1.100.202309141235/tools/bin/../lib/gcc/arm-none-eabi/11.3.1/../../../../arm-none-eabi/lib/thumb/v7e-m+fp/hard\libc_nano.a(libc_a-findfp.o) (_fwalk_sglue)
C:/ST/STM32CubeIDE_1.11.2/STM32CubeIDE/plugins/com.st.stm32cube.ide.mcu.externaltools.gnu-tools-for-stm32.11.3.rel1.win32_1.1.100.202309141235/tools/bin/../lib/gcc/arm-none-eabi/11.3.1/../../../../arm-none-eabi/lib/thumb/v7e-m+fp/hard\libc_nano.a(libc_a-stdio.o)
                              C:/ST/STM32CubeIDE_1.11.2/STM32CubeIDE/plugins/com.st.stm32cube.ide.mcu.externaltools.gnu-tools-for-stm32.11.3.rel1.win32_1.1.100.202309141235/tools/bin/../lib/gcc/arm-none-eabi/11.3.1/../../../../arm-none-eabi/lib/thumb/v7e-m+fp/hard\libc_nano.a(libc_a-findfp.o) (__sread)
C:/ST/STM32CubeIDE_1.11.2/STM32CubeIDE/plugins/com.st.stm32cube.ide.mcu.externaltools.gnu-tools-for-stm32.11.3.rel1.win32_1.1.100.202309141235/tools/bin/../lib/gcc/arm-none-eabi/11.3.1/../../../../arm-none-eabi/lib/thumb/v7e-m+fp/hard\libc_nano.a(libc_a-memset.o)
                              C:/ST/STM32CubeIDE_1.11.2/STM32CubeIDE/plugins/com.st.stm32cube.ide.mcu.externaltools.gnu-tools-for-stm32.11.3.rel1.win32_1.1.100.202309141235/tools/bin/../lib/gcc/arm-none-eabi/11.3.1/../../../../arm-none-eabi/lib/thumb/v7e-m+fp/hard/crt0.o (memset)
C:/ST/STM32CubeIDE_1.11.2/STM32CubeIDE/plugins/com.st.stm32cube.ide.mcu.externaltools.gnu-tools-for-stm32.11.3.rel1.win32_1.1.100.202309141235/tools/bin/../lib/gcc/arm-none-eabi/11.3.1/../../../../arm-none-eabi/lib/thumb/v7e-m+fp/hard\libc_nano.a(libc_a-strncmp.o)
                              ./Core/Src/lwgps.o (strncmp)
[...]
Memory Configuration

Name             Origin             Length             Attributes
CCMRAM           0x0000000010000000 0x0000000000010000 xrw
RAM              0x0000000020000000 0x0000000000020000 xrw
FLASH            0x0000000008000000 0x0000000000100000 xr
*default*        0x0000000000000000 0xffffffffffffffff

Linker script and memory map

LOAD C:/ST/STM32CubeIDE_1.11.2/STM32CubeIDE/plugins/com.st.stm32cube.ide.mcu.externaltools.gnu-tools-for-stm32.11.3.rel1.win32_1.1.100.202309141235/tools/bin/../lib/gcc/arm-none-eabi/11.3.1/thumb/v7e-m+fp/hard/crti.o
LOAD C:/ST/STM32CubeIDE_1.11.2/STM32CubeIDE/plugins/com.st.stm32cube.ide.mcu.externaltools.gnu-tools-for-stm32.11.3.rel1.win32_1.1.100.202309141235/tools/bin/../lib/gcc/arm-none-eabi/11.3.1/thumb/v7e-m+fp/hard/crtbegin.o
LOAD C:/ST/STM32CubeIDE_1.11.2/STM32CubeIDE/plugins/com.st.stm32cube.ide.mcu.externaltools.gnu-tools-for-stm32.11.3.rel1.win32_1.1.100.202309141235/tools/bin/../lib/gcc/arm-none-eabi/11.3.1/../../../../arm-none-eabi/lib/thumb/v7e-m+fp/hard/crt0.o
LOAD ./Core/Src/lwgps.o
LOAD ./Core/Src/main.o
LOAD ./Core/Src/stm32f4xx_hal_msp.o
LOAD ./Core/Src/stm32f4xx_it.o
LOAD ./Core/Src/syscalls.o
LOAD ./Core/Src/sysmem.o
LOAD ./Core/Src/system_stm32f4xx.o
LOAD ./Core/Src/uart_proto.o
LOAD ./Core/Startup/startup_stm32f407vgtx.o
LOAD ./Drivers/STM32F4xx_HAL_Driver/Src/stm32f4xx_hal.o
LOAD ./Drivers/STM32F4xx_HAL_Driver/Src/stm32f4xx_hal_adc.o
LOAD ./Drivers/STM32F4xx_HAL_Driver/Src/stm32f4xx_hal_adc_ex.o
LOAD ./Drivers/STM32F4xx_HAL_Driver/Src/stm32f4xx_hal_cortex.o
LOAD ./Drivers/STM32F4xx_HAL_Driver/Src/stm32f4xx_hal_dma.o
LOAD ./Drivers/STM32F4xx_HAL_Driver/Src/stm32f4xx_hal_dma_ex.o
LOAD ./Drivers/STM32F4xx_HAL_Driver/Src/stm32f4xx_hal_exti.o
LOAD ./Drivers/STM32F4xx_HAL_Driver/Src/stm32f4xx_hal_flash.o
LOAD ./Drivers/STM32F4xx_HAL_Driver/Src/stm32f4xx_hal_flash_ex.o
LOAD ./Drivers/STM32F4xx_HAL_Driver/Src/stm32f4xx_hal_flash_ramfunc.o
LOAD ./Drivers/STM32F4xx_HAL_Driver/Src/stm32f4xx_hal_gpio.o
LOAD ./Drivers/STM32F4xx_HAL_Driver/Src/stm32f4xx_hal_hcd.o
LOAD ./Drivers/STM32F4xx_HAL_Driver/Src/stm32f4xx_hal_pwr.o
LOAD ./Drivers/STM32F4xx_HAL_Driver/Src/stm32f4xx_hal_pwr_ex.o
LOAD ./Drivers/STM32F4xx_HAL_Driver/Src/stm32f4xx_hal_rcc.o
LOAD ./Drivers/STM32F4xx_HAL_Driver/Src/stm32f4xx_hal_rcc_ex.o
LOAD ./Drivers/STM32F4xx_HAL_Driver/Src/stm32f4xx_hal_tim.o
LOAD ./Drivers/STM32F4xx_HAL_Driver/Src/stm32f4xx_hal_tim_ex.o
LOAD ./Drivers/STM32F4xx_HAL_Driver/Src/stm32f4xx_hal_uart.o
LOAD ./Drivers/STM32F4xx_HAL_Driver/Src/stm32f4xx_ll_adc.o
LOAD ./Drivers/STM32F4xx_HAL_Driver/Src/stm32f4xx_ll_usb.o
LOAD ./Middlewares/ST/STM32_USB_Host_Library/Class/HID/Src/usbh_hid.o
LOAD ./Middlewares/ST/STM32_USB_Host_Library/Class/HID/Src/usbh_hid_keybd.o
LOAD ./Middlewares/ST/STM32_USB_Host_Library/Class/HID/Src/usbh_hid_mouse.o
LOAD ./Middlewares/ST/STM32_USB_Host_Library/Class/HID/Src/usbh_hid_parser.o
LOAD ./Middlewares/ST/STM32_USB_Host_Library/Core/Src/usbh_core.o
LOAD ./Middlewares/ST/STM32_USB_Host_Library/Core/Src/usbh_ctlreq.o
LOAD ./Middlewares/ST/STM32_USB_Host_Library/Core/Src/usbh_ioreq.o
LOAD ./Middlewares/ST/STM32_USB_Host_Library/Core/Src/usbh_pipes.o
LOAD ./USB_HOST/App/usb_host.o
LOAD ./USB_HOST/Target/usbh_conf.o
LOAD ./USB_HOST/Target/usbh_platform.o
LOAD ./modules/bldc/bldc.o
LOAD ./modules/break/break.o
LOAD ./modules/manuel/manuel.o
LOAD ./modules/modbus/modbus.o
LOAD ./modules/modbus/modbus_crc.o
LOAD ./modules/role/role.o
LOAD ./modules/wheels/wheel.o
START GROUP
LOAD C:/ST/STM32CubeIDE_1.11.2/STM32CubeIDE/plugins/com.st.stm32cube.ide.mcu.externaltools.gnu-tools-for-stm32.11.3.rel1.win32_1.1.100.202309141235/tools/bin/../lib/gcc/arm-none-eabi/11.3.1/../../../../arm-none-eabi/lib/thumb/v7e-m+fp/hard\libc_nano.a
LOAD C:/ST/STM32CubeIDE_1.11.2/STM32CubeIDE/plugins/com.st.stm32cube.ide.mcu.externaltools.gnu-tools-for-stm32.11.3.rel1.win32_1.1.100.202309141235/tools/bin/../lib/gcc/arm-none-eabi/11.3.1/../../../../arm-none-eabi/lib/thumb/v7e-m+fp/hard\libm.a
END GROUP
START GROUP
LOAD C:/ST/STM32CubeIDE_1.11.2/STM32CubeIDE/plugins/com.st.stm32cube.ide.mcu.externaltools.gnu-tools-for-stm32.11.3.rel1.win32_1.1.100.202309141235/tools/bin/../lib/gcc/arm-none-eabi/11.3.1/thumb/v7e-m+fp/hard\libgcc.a
LOAD C:/ST/STM32CubeIDE_1.11.2/STM32CubeIDE/plugins/com.st.stm32cube.ide.mcu.externaltools.gnu-tools-for-stm32.11.3.rel1.win32_1.1.100.202309141235/tools/bin/../lib/gcc/arm-none-eabi/11.3.1/../../../../arm-none-eabi/lib/thumb/v7e-m+fp/hard\libc_nano.a
END GROUP
START GROUP
LOAD C:/ST/STM32CubeIDE_1.11.2/STM32CubeIDE/plugins/com.st.stm32cube.ide.mcu.externaltools.gnu-tools-for-stm32.11.3.rel1.win32_1.1.100.202309141235/tools/bin/../lib/gcc/arm-none-eabi/11.3.1/thumb/v7e-m+fp/hard\libgcc.a
LOAD C:/ST/STM32CubeIDE_1.11.2/STM32CubeIDE/plugins/com.st.stm32cube.ide.mcu.externaltools.gnu-tools-for-stm32.11.3.rel1.win32_1.1.100.202309141235/tools/bin/../lib/gcc/arm-none-eabi/11.3.1/../../../../arm-none-eabi/lib/thumb/v7e-m+fp/hard\libc_nano.a
LOAD C:/ST/STM32CubeIDE_1.11.2/STM32CubeIDE/plugins/com.st.stm32cube.ide.mcu.externaltools.gnu-tools-for-stm32.11.3.rel1.win32_1.1.100.202309141235/tools/bin/../lib/gcc/arm-none-eabi/11.3.1/../../../../arm-none-eabi/lib/thumb/v7e-m+fp/hard\libnosys.a
END GROUP
START GROUP
LOAD C:/ST/STM32CubeIDE_1.11.2/STM32CubeIDE/plugins/com.st.stm32cube.ide.mcu.externaltools.gnu-tools-for-stm32.11.3.rel1.win32_1.1.100.202309141235/tools/bin/../lib/gcc/arm-none-eabi/11.3.1/thumb/v7e-m+fp/hard\libgcc.a
LOAD C:/ST/STM32CubeIDE_1.11.2/STM32CubeIDE/plugins/com.st.stm32cube.ide.mcu.externaltools.gnu-tools-for-stm32.11.3.rel1.win32_1.1.100.202309141235/tools/bin/../lib/gcc/arm-none-eabi/11.3.1/../../../../arm-none-eabi/lib/thumb/v7e-m+fp/hard\libc_nano.a
LOAD C:/ST/STM32CubeIDE_1.11.2/STM32CubeIDE/plugins/com.st.stm32cube.ide.mcu.externaltools.gnu-tools-for-stm32.11.3.rel1.win32_1.1.100.202309141235/tools/bin/../lib/gcc/arm-none-eabi/11.3.1/../../../../arm-none-eabi/lib/thumb/v7e-m+fp/hard\libnosys.a
END GROUP
LOAD C:/ST/STM32CubeIDE_1.11.2/STM32CubeIDE/plugins/com.st.stm32cube.ide.mcu.externaltools.gnu-tools-for-stm32.11.3.rel1.win32_1.1.100.202309141235/tools/bin/../lib/gcc/arm-none-eabi/11.3.1/thumb/v7e-m+fp/hard/crtend.o
LOAD C:/ST/STM32CubeIDE_1.11.2/STM32CubeIDE/plugins/com.st.stm32cube.ide.mcu.externaltools.gnu-tools-for-stm32.11.3.rel1.win32_1.1.100.202309141235/tools/bin/../lib/gcc/arm-none-eabi/11.3.1/thumb/v7e-m+fp/hard/crtn.o
                0x0000000020020000                _estack = (ORIGIN (RAM) + LENGTH (RAM))
                0x0000000000000200                _Min_Heap_Size = 0x200
                0x0000000000000400                _Min_Stack_Size = 0x400

.isr_vector     0x0000000008000000      0x188
                0x0000000008000000                . = ALIGN (0x4)
 *(.isr_vector)
 .isr_vector    0x0000000008000000      0x188 ./Core/Startup/startup_stm32f407vgtx.o
                0x0000000008000000                g_pfnVectors
                0x0000000008000188                . = ALIGN (0x4)

.text           0x0000000008000190     0xfbd8
                0x0000000008000190                . = ALIGN (0x4)
 *(.text)
 .text          0x0000000008000190       0x40 C:/ST/STM32CubeIDE_1.11.2/STM32CubeIDE/plugins/com.st.stm32cube.ide.mcu.externaltools.gnu-tools-for-stm32.11.3.rel1.win32_1.1.100.202309141235/tools/bin/../lib/gcc/arm-none-eabi/11.3.1/thumb/v7e-m+fp/hard/crtbegin.o
 .text          0x00000000080001d0       0xa0 C:/ST/STM32CubeIDE_1.11.2/STM32CubeIDE/plugins/com.st.stm32cube.ide.mcu.externaltools.gnu-tools-for-stm32.11.3.rel1.win32_1.1.100.202309141235/tools/bin/../lib/gcc/arm-none-eabi/11.3.1/../../../../arm-none-eabi/lib/thumb/v7e-m+fp/hard\libc_nano.a(libc_a-memchr.o)
                0x00000000080001d0                memchr
 .text          0x0000000008000270      0x378 C:/ST/STM32CubeIDE_1.11.2/STM32CubeIDE/plugins/com.st.stm32cube.ide.mcu.externaltools.gnu-tools-for-stm32.11.3.rel1.win32_1.1.100.202309141235/tools/bin/../lib/gcc/arm-none-eabi/11.3.1/thumb/v7e-m+fp/hard\libgcc.a(_arm_addsubdf3.o)
                0x0000000008000270                __aeabi_drsub
                0x0000000008000278                __aeabi_dsub
                0x0000000008000278                __subdf3
                0x000000000800027c                __aeabi_dadd
                0x000000000800027c                __adddf3
                0x00000000080004f4                __floatunsidf
                0x00000000080004f4                __aeabi_ui2d
                0x0000000008000514                __floatsidf
                0x0000000008000514                __aeabi_i2d
                0x0000000008000538                __aeabi_f2d
                0x0000000008000538                __extendsfdf2
                0x000000000800057c                __floatundidf
                0x000000000800057c                __aeabi_ul2d
                0x000000000800058c                __floatdidf
                0x000000000800058c                __aeabi_l2d
 .text          0x00000000080005e8      0x424 C:/ST/STM32CubeIDE_1.11.2/STM32CubeIDE/plugins/com.st.stm32cube.ide.mcu.externaltools.gnu-tools-for-stm32.11.3.rel1.win32_1.1.100.202309141235/tools/bin/../lib/gcc/arm-none-eabi/11.3.1/thumb/v7e-m+fp/hard\libgcc.a(_arm_muldivdf3.o)
                0x00000000080005e8                __aeabi_dmul
                0x00000000080005e8                __muldf3
                0x000000000800083c                __divdf3
                0x000000000800083c                __aeabi_ddiv
 .text          0x0000000008000a0c      0x110 C:/ST/STM32CubeIDE_1.11.2/STM32CubeIDE/plugins/com.st.stm32cube.ide.mcu.externaltools.gnu-tools-for-stm32.11.3.rel1.win32_1.1.100.202309141235/tools/bin/../lib/gcc/arm-none-eabi/11.3.1/thumb/v7e-m+fp/hard\libgcc.a(_arm_cmpdf2.o)
                0x0000000008000a0c                __gtdf2
                0x0000000008000a0c                __gedf2
                0x0000000008000a14                __ltdf2
                0x0000000008000a14                __ledf2
                0x0000000008000a1c                __nedf2
                0x0000000008000a1c                __eqdf2
                0x0000000008000a1c                __cmpdf2
                0x0000000008000a98                __aeabi_cdrcmple
                0x0000000008000aa8                __aeabi_cdcmpeq
                0x0000000008000aa8                __aeabi_cdcmple
                0x0000000008000ab8                __aeabi_dcmpeq
                0x0000000008000acc                __aeabi_dcmplt
                0x0000000008000ae0                __aeabi_dcmple
                0x0000000008000af4                __aeabi_dcmpge
                0x0000000008000b08                __aeabi_dcmpgt
 .text          0x0000000008000b1c       0x50 C:/ST/STM32CubeIDE_1.11.2/STM32CubeIDE/plugins/com.st.stm32cube.ide.mcu.externaltools.gnu-tools-for-stm32.11.3.rel1.win32_1.1.100.202309141235/tools/bin/../lib/gcc/arm-none-eabi/11.3.1/thumb/v7e-m+fp/hard\libgcc.a(_arm_fixdfsi.o)
                0x0000000008000b1c                __aeabi_d2iz
                0x0000000008000b1c                __fixdfsi
 .text          0x0000000008000b6c       0x40 C:/ST/STM32CubeIDE_1.11.2/STM32CubeIDE/plugins/com.st.stm32cube.ide.mcu.externaltools.gnu-tools-for-stm32.11.3.rel1.win32_1.1.100.202309141235/tools/bin/../lib/gcc/arm-none-eabi/11.3.1/thumb/v7e-m+fp/hard\libgcc.a(_arm_fixunsdfsi.o)
                0x0000000008000b6c                __aeabi_d2uiz
                0x0000000008000b6c                __fixunsdfsi
 .text          0x0000000008000bac       0x30 C:/ST/STM32CubeIDE_1.11.2/STM32CubeIDE/plugins/com.st.stm32cube.ide.mcu.externaltools.gnu-tools-for-stm32.11.3.rel1.win32_1.1.100.202309141235/tools/bin/../lib/gcc/arm-none-eabi/11.3.1/thumb/v7e-m+fp/hard\libgcc.a(_aeabi_uldivmod.o)
                0x0000000008000bac                __aeabi_uldivmod
 .text          0x0000000008000bdc       0x30 C:/ST/STM32CubeIDE_1.11.2/STM32CubeIDE/plugins/com.st.stm32cube.ide.mcu.externaltools.gnu-tools-for-stm32.11.3.rel1.win32_1.1.100.202309141235/tools/bin/../lib/gcc/arm-none-eabi/11.3.1/thumb/v7e-m+fp/hard\libgcc.a(_fixdfdi.o)
                0x0000000008000bdc                __fixdfdi
                0x0000000008000bdc                __aeabi_d2lz
 .text          0x0000000008000c0c       0x3c C:/ST/STM32CubeIDE_1.11.2/STM32CubeIDE/plugins/com.st.stm32cube.ide.mcu.externaltools.gnu-tools-for-stm32.11.3.rel1.win32_1.1.100.202309141235/tools/bin/../lib/gcc/arm-none-eabi/11.3.1/thumb/v7e-m+fp/hard\libgcc.a(_fixunsdfdi.o)
                0x0000000008000c0c                __fixunsdfdi
                0x0000000008000c0c                __aeabi_d2ulz
 .text          0x0000000008000c48      0x2c8 C:/ST/STM32CubeIDE_1.11.2/STM32CubeIDE/plugins/com.st.stm32cube.ide.mcu.externaltools.gnu-tools-for-stm32.11.3.rel1.win32_1.1.100.202309141235/tools/bin/../lib/gcc/arm-none-eabi/11.3.1/thumb/v7e-m+fp/hard\libgcc.a(_udivmoddi4.o)
                0x0000000008000c48                __udivmoddi4
 .text          0x0000000008000f10        0x4 C:/ST/STM32CubeIDE_1.11.2/STM32CubeIDE/plugins/com.st.stm32cube.ide.mcu.externaltools.gnu-tools-for-stm32.11.3.rel1.win32_1.1.100.202309141235/tools/bin/../lib/gcc/arm-none-eabi/11.3.1/thumb/v7e-m+fp/hard\libgcc.a(_dvmd_tls.o)
                0x0000000008000f10                __aeabi_idiv0
                0x0000000008000f10                __aeabi_ldiv0
 *(.text*)
 .text.prv_parse_number
                0x0000000008000f14       0x94 ./Core/Src/lwgps.o
 .text.prv_parse_float_number
                0x0000000008000fa8       0x4e ./Core/Src/lwgps.o
 *fill*         0x0000000008000ff6        0x2 
 .text.prv_parse_lat_long
                0x0000000008000ff8       0xa0 ./Core/Src/lwgps.o
 .text.prv_parse_term
                0x0000000008001098      0x558 ./Core/Src/lwgps.o
 .text.prv_check_crc
                0x00000000080015f0      0x116 ./Core/Src/lwgps.o
 .text.prv_copy_from_tmp_memory
                0x0000000008001706      0x14e ./Core/Src/lwgps.o
 .text.lwgps_init
                0x0000000008001854       0x1c ./Core/Src/lwgps.o
                0x0000000008001854                lwgps_init
 .text.lwgps_process
                0x0000000008001870      0x180 ./Core/Src/lwgps.o
                0x0000000008001870                lwgps_process
 .text.USBH_HID_EventCallback
                0x00000000080019f0       0x38 ./Core/Src/main.o
                0x00000000080019f0                USBH_HID_EventCallback
 .text.HAL_UART_RxCpltCallback
                0x0000000008001a28       0x7c ./Core/Src/main.o
                0x0000000008001a28                HAL_UART_RxCpltCallback
 .text.HAL_TIM_PeriodElapsedCallback
                0x0000000008001aa4      0x540 ./Core/Src/main.o
                0x0000000008001aa4                HAL_TIM_PeriodElapsedCallback
 .text.pointerWorks
                0x0000000008001fe4       0xd0 ./Core/Src/main.o
                0x0000000008001fe4                pointerWorks
 .text.main     0x00000000080020b4      0x10c ./Core/Src/main.o
                0x00000000080020b4                main
 .text.SystemClock_Config
                0x00000000080021c0       0xd4 ./Core/Src/main.o
                0x00000000080021c0                SystemClock_Config
 .text.MX_ADC1_Init
                0x0000000008002294       0xa8 ./Core/Src/main.o
 .text.MX_TIM1_Init
                0x000000000800233c       0xb0 ./Core/Src/main.o
 .text.MX_TIM2_Init
                0x00000000080023ec       0xa8 ./Core/Src/main.o
 .text.MX_TIM10_Init
                0x0000000008002494       0x48 ./Core/Src/main.o
 .text.MX_TIM12_Init
                0x00000000080024dc       0xa0 ./Core/Src/main.o
 .text.MX_TIM14_Init
                0x000000000800257c       0x9c ./Core/Src/main.o
 .text.MX_USART1_UART_Init
                0x0000000008002618       0x54 ./Core/Src/main.o
 .text.MX_USART2_UART_Init
                0x000000000800266c       0x54 ./Core/Src/main.o
 .text.MX_USART3_UART_Init
                0x00000000080026c0       0x54 ./Core/Src/main.o
 .text.MX_GPIO_Init
                0x0000000008002714      0x2f0 ./Core/Src/main.o
 .text.HAL_GPIO_EXTI_Callback
                0x0000000008002a04       0x16 ./Core/Src/main.o
                0x0000000008002a04                HAL_GPIO_EXTI_Callback
 .text.Error_Handler
                0x0000000008002a1a        0xa ./Core/Src/main.o
                0x0000000008002a1a                Error_Handler
 .text.HAL_MspInit
                0x0000000008002a24       0x50 ./Core/Src/stm32f4xx_hal_msp.o
                0x0000000008002a24                HAL_MspInit
 .text.HAL_ADC_MspInit
                0x0000000008002a74       0x88 ./Core/Src/stm32f4xx_hal_msp.o
                0x0000000008002a74                HAL_ADC_MspInit
 .text.HAL_TIM_Encoder_MspInit
                0x0000000008002afc      0x10c ./Core/Src/stm32f4xx_hal_msp.o
                0x0000000008002afc                HAL_TIM_Encoder_MspInit
 .text.HAL_TIM_Base_MspInit
                0x0000000008002c08       0x7c ./Core/Src/stm32f4xx_hal_msp.o
                0x0000000008002c08                HAL_TIM_Base_MspInit
 .text.HAL_TIM_PWM_MspInit
                0x0000000008002c84       0x44 ./Core/Src/stm32f4xx_hal_msp.o
                0x0000000008002c84                HAL_TIM_PWM_MspInit
 .text.HAL_TIM_MspPostInit
                0x0000000008002cc8       0xc4 ./Core/Src/stm32f4xx_hal_msp.o
                0x0000000008002cc8                HAL_TIM_MspPostInit
 .text.HAL_UART_MspInit
                0x0000000008002d8c      0x188 ./Core/Src/stm32f4xx_hal_msp.o
                0x0000000008002d8c                HAL_UART_MspInit
 .text.NMI_Handler
                0x0000000008002f14        0x6 ./Core/Src/stm32f4xx_it.o
                0x0000000008002f14                NMI_Handler
 .text.HardFault_Handler
                0x0000000008002f1a        0x6 ./Core/Src/stm32f4xx_it.o
                0x0000000008002f1a                HardFault_Handler
 .text.MemManage_Handler
                0x0000000008002f20        0x6 ./Core/Src/stm32f4xx_it.o
                0x0000000008002f20                MemManage_Handler
 .text.BusFault_Handler
                0x0000000008002f26        0x6 ./Core/Src/stm32f4xx_it.o
                0x0000000008002f26                BusFault_Handler
 .text.UsageFault_Handler
                0x0000000008002f2c        0x6 ./Core/Src/stm32f4xx_it.o
                0x0000000008002f2c                UsageFault_Handler
 .text.SVC_Handler
                0x0000000008002f32        0xe ./Core/Src/stm32f4xx_it.o
                0x0000000008002f32                SVC_Handler
 .text.DebugMon_Handler
                0x0000000008002f40        0xe ./Core/Src/stm32f4xx_it.o
                0x0000000008002f40                DebugMon_Handler
 .text.PendSV_Handler
                0x0000000008002f4e        0xe ./Core/Src/stm32f4xx_it.o
                0x0000000008002f4e                PendSV_Handler
 .text.SysTick_Handler
                0x0000000008002f5c        0xc ./Core/Src/stm32f4xx_it.o
                0x0000000008002f5c                SysTick_Handler
 .text.EXTI1_IRQHandler
                0x0000000008002f68        0xe ./Core/Src/stm32f4xx_it.o
                0x0000000008002f68                EXTI1_IRQHandler
 .text.EXTI2_IRQHandler
                0x0000000008002f76        0xe ./Core/Src/stm32f4xx_it.o
                0x0000000008002f76                EXTI2_IRQHandler
 .text.EXTI3_IRQHandler
                0x0000000008002f84        0xe ./Core/Src/stm32f4xx_it.o
                0x0000000008002f84                EXTI3_IRQHandler
 .text.EXTI4_IRQHandler
                0x0000000008002f92        0xe ./Core/Src/stm32f4xx_it.o
                0x0000000008002f92                EXTI4_IRQHandler
 .text.EXTI9_5_IRQHandler
                0x0000000008002fa0       0x2a ./Core/Src/stm32f4xx_it.o
                0x0000000008002fa0                EXTI9_5_IRQHandler
 *fill*         0x0000000008002fca        0x2 
 .text.TIM1_UP_TIM10_IRQHandler
                0x0000000008002fcc       0x1c ./Core/Src/stm32f4xx_it.o
                0x0000000008002fcc                TIM1_UP_TIM10_IRQHandler
 .text.USART1_IRQHandler
                0x0000000008002fe8       0x14 ./Core/Src/stm32f4xx_it.o
                0x0000000008002fe8                USART1_IRQHandler
 .text.USART3_IRQHandler
                0x0000000008002ffc       0x14 ./Core/Src/stm32f4xx_it.o
                0x0000000008002ffc                USART3_IRQHandler
 .text.OTG_FS_IRQHandler
                0x0000000008003010       0x14 ./Core/Src/stm32f4xx_it.o
                0x0000000008003010                OTG_FS_IRQHandler
 .text._getpid  0x0000000008003024       0x10 ./Core/Src/syscalls.o
                0x0000000008003024                _getpid
 .text._kill    0x0000000008003034       0x20 ./Core/Src/syscalls.o
                0x0000000008003034                _kill
 .text._exit    0x0000000008003054       0x14 ./Core/Src/syscalls.o
                0x0000000008003054                _exit
 .text._read    0x0000000008003068       0x3a ./Core/Src/syscalls.o
                0x0000000008003068                _read
 .text._write   0x00000000080030a2       0x38 ./Core/Src/syscalls.o
                0x00000000080030a2                _write
 .text._close   0x00000000080030da       0x18 ./Core/Src/syscalls.o
                0x00000000080030da                _close
 .text._fstat   0x00000000080030f2       0x20 ./Core/Src/syscalls.o
                0x00000000080030f2                _fstat
 .text._isatty  0x0000000008003112       0x16 ./Core/Src/syscalls.o
                0x0000000008003112                _isatty
 .text._lseek   0x0000000008003128       0x1a ./Core/Src/syscalls.o
                0x0000000008003128                _lseek
 *fill*         0x0000000008003142        0x2 
 .text._sbrk    0x0000000008003144       0x6c ./Core/Src/sysmem.o
                0x0000000008003144                _sbrk
 .text.SystemInit
                0x00000000080031b0       0x24 ./Core/Src/system_stm32f4xx.o
                0x00000000080031b0                SystemInit
 .text.Reset_Handler
                0x00000000080031d4       0x50 ./Core/Startup/startup_stm32f407vgtx.o
                0x00000000080031d4                Reset_Handler
 .text.Default_Handler
                0x0000000008003224        0x2 ./Core/Startup/startup_stm32f407vgtx.o
                0x0000000008003224                RTC_Alarm_IRQHandler
                0x0000000008003224                HASH_RNG_IRQHandler
                0x0000000008003224                TIM8_CC_IRQHandler
                0x0000000008003224                TIM1_CC_IRQHandler
                0x0000000008003224                DMA2_Stream5_IRQHandler
                0x0000000008003224                DMA1_Stream5_IRQHandler
                0x0000000008003224                PVD_IRQHandler
                0x0000000008003224                SDIO_IRQHandler
                0x0000000008003224                TAMP_STAMP_IRQHandler
                0x0000000008003224                CAN2_RX1_IRQHandler
                0x0000000008003224                TIM8_TRG_COM_TIM14_IRQHandler
                0x0000000008003224                TIM8_UP_TIM13_IRQHandler
                0x0000000008003224                I2C3_ER_IRQHandler
                0x0000000008003224                EXTI0_IRQHandler
                0x0000000008003224                I2C2_EV_IRQHandler
                0x0000000008003224                DMA1_Stream2_IRQHandler
                0x0000000008003224                CAN1_RX0_IRQHandler
                0x0000000008003224                FPU_IRQHandler
                0x0000000008003224                OTG_HS_WKUP_IRQHandler
                0x0000000008003224                CAN2_SCE_IRQHandler
                0x0000000008003224                DMA2_Stream2_IRQHandler
                0x0000000008003224                SPI1_IRQHandler
                0x0000000008003224                TIM6_DAC_IRQHandler
                0x0000000008003224                TIM1_BRK_TIM9_IRQHandler
                0x0000000008003224                DCMI_IRQHandler
                0x0000000008003224                CAN2_RX0_IRQHandler
                0x0000000008003224                DMA2_Stream3_IRQHandler
                0x0000000008003224                USART6_IRQHandler
                0x0000000008003224                CAN1_RX1_IRQHandler
                0x0000000008003224                UART5_IRQHandler
                0x0000000008003224                DMA2_Stream0_IRQHandler
                0x0000000008003224                TIM4_IRQHandler
                0x0000000008003224                I2C1_EV_IRQHandler
                0x0000000008003224                DMA1_Stream6_IRQHandler
                0x0000000008003224                DMA1_Stream1_IRQHandler
                0x0000000008003224                UART4_IRQHandler
                0x0000000008003224                TIM3_IRQHandler
                0x0000000008003224                RCC_IRQHandler
                0x0000000008003224                TIM8_BRK_TIM12_IRQHandler
                0x0000000008003224                Default_Handler
                0x0000000008003224                EXTI15_10_IRQHandler
                0x0000000008003224                ADC_IRQHandler
                0x0000000008003224                DMA1_Stream7_IRQHandler
                0x0000000008003224                TIM7_IRQHandler
                0x0000000008003224                CAN2_TX_IRQHandler
                0x0000000008003224                TIM5_IRQHandler
                0x0000000008003224                DMA2_Stream7_IRQHandler
                0x0000000008003224                I2C3_EV_IRQHandler
                0x0000000008003224                RTC_WKUP_IRQHandler
                0x0000000008003224                ETH_WKUP_IRQHandler
                0x0000000008003224                SPI2_IRQHandler
                0x0000000008003224                OTG_HS_EP1_IN_IRQHandler
                0x0000000008003224                DMA1_Stream0_IRQHandler
                0x0000000008003224                CAN1_TX_IRQHandler
                0x0000000008003224                FSMC_IRQHandler
                0x0000000008003224                ETH_IRQHandler
                0x0000000008003224                OTG_HS_EP1_OUT_IRQHandler
                0x0000000008003224                WWDG_IRQHandler
                0x0000000008003224                TIM2_IRQHandler
                0x0000000008003224                OTG_FS_WKUP_IRQHandler
                0x0000000008003224                TIM1_TRG_COM_TIM11_IRQHandler
                0x0000000008003224                OTG_HS_IRQHandler
                0x0000000008003224                USART2_IRQHandler
                0x0000000008003224                I2C2_ER_IRQHandler
                0x0000000008003224                DMA2_Stream1_IRQHandler
                0x0000000008003224                CAN1_SCE_IRQHandler
                0x0000000008003224                FLASH_IRQHandler
                0x0000000008003224                DMA2_Stream4_IRQHandler
                0x0000000008003224                SPI3_IRQHandler
                0x0000000008003224                DMA1_Stream4_IRQHandler
                0x0000000008003224                I2C1_ER_IRQHandler
                0x0000000008003224                DMA2_Stream6_IRQHandler
                0x0000000008003224                DMA1_Stream3_IRQHandler
 *fill*         0x0000000008003226        0x2 
 .text.HAL_Init
                0x0000000008003228       0x44 ./Drivers/STM32F4xx_HAL_Driver/Src/stm32f4xx_hal.o
                0x0000000008003228                HAL_Init
 .text.HAL_InitTick
                0x000000000800326c       0x60 ./Drivers/STM32F4xx_HAL_Driver/Src/stm32f4xx_hal.o
                0x000000000800326c                HAL_InitTick
 .text.HAL_IncTick
                0x00000000080032cc       0x28 ./Drivers/STM32F4xx_HAL_Driver/Src/stm32f4xx_hal.o
                0x00000000080032cc                HAL_IncTick
 .text.HAL_GetTick
                0x00000000080032f4       0x18 ./Drivers/STM32F4xx_HAL_Driver/Src/stm32f4xx_hal.o
                0x00000000080032f4                HAL_GetTick
 .text.HAL_Delay
                0x000000000800330c       0x48 ./Drivers/STM32F4xx_HAL_Driver/Src/stm32f4xx_hal.o
                0x000000000800330c                HAL_Delay
 .text.HAL_ADC_Init
                0x0000000008003354       0x86 ./Drivers/STM32F4xx_HAL_Driver/Src/stm32f4xx_hal_adc.o
                0x0000000008003354                HAL_ADC_Init
 *fill*         0x00000000080033da        0x2 
 .text.HAL_ADC_Start
                0x00000000080033dc      0x1a4 ./Drivers/STM32F4xx_HAL_Driver/Src/stm32f4xx_hal_adc.o
                0x00000000080033dc                HAL_ADC_Start
 .text.HAL_ADC_Stop
                0x0000000008003580       0x66 ./Drivers/STM32F4xx_HAL_Driver/Src/stm32f4xx_hal_adc.o
                0x0000000008003580                HAL_ADC_Stop
 .text.HAL_ADC_PollForConversion
                0x00000000080035e6      0x116 ./Drivers/STM32F4xx_HAL_Driver/Src/stm32f4xx_hal_adc.o
                0x00000000080035e6                HAL_ADC_PollForConversion
 .text.HAL_ADC_GetValue
                0x00000000080036fc       0x1a ./Drivers/STM32F4xx_HAL_Driver/Src/stm32f4xx_hal_adc.o
                0x00000000080036fc                HAL_ADC_GetValue
 *fill*         0x0000000008003716        0x2 
 .text.HAL_ADC_ConfigChannel
                0x0000000008003718      0x244 ./Drivers/STM32F4xx_HAL_Driver/Src/stm32f4xx_hal_adc.o
                0x0000000008003718                HAL_ADC_ConfigChannel
 .text.ADC_Init
                0x000000000800395c      0x1f8 ./Drivers/STM32F4xx_HAL_Driver/Src/stm32f4xx_hal_adc.o
 .text.__NVIC_SetPriorityGrouping
                0x0000000008003b54       0x48 ./Drivers/STM32F4xx_HAL_Driver/Src/stm32f4xx_hal_cortex.o
 .text.__NVIC_GetPriorityGrouping
                0x0000000008003b9c       0x1c ./Drivers/STM32F4xx_HAL_Driver/Src/stm32f4xx_hal_cortex.o
 .text.__NVIC_EnableIRQ
                0x0000000008003bb8       0x3c ./Drivers/STM32F4xx_HAL_Driver/Src/stm32f4xx_hal_cortex.o
 .text.__NVIC_SetPriority
                0x0000000008003bf4       0x54 ./Drivers/STM32F4xx_HAL_Driver/Src/stm32f4xx_hal_cortex.o
 .text.NVIC_EncodePriority
                0x0000000008003c48       0x66 ./Drivers/STM32F4xx_HAL_Driver/Src/stm32f4xx_hal_cortex.o
 *fill*         0x0000000008003cae        0x2 
 .text.SysTick_Config
                0x0000000008003cb0       0x44 ./Drivers/STM32F4xx_HAL_Driver/Src/stm32f4xx_hal_cortex.o
 .text.HAL_NVIC_SetPriorityGrouping
                0x0000000008003cf4       0x16 ./Drivers/STM32F4xx_HAL_Driver/Src/stm32f4xx_hal_cortex.o
                0x0000000008003cf4                HAL_NVIC_SetPriorityGrouping
 .text.HAL_NVIC_SetPriority
                0x0000000008003d0a       0x38 ./Drivers/STM32F4xx_HAL_Driver/Src/stm32f4xx_hal_cortex.o
                0x0000000008003d0a                HAL_NVIC_SetPriority
 .text.HAL_NVIC_EnableIRQ
                0x0000000008003d42       0x1c ./Drivers/STM32F4xx_HAL_Driver/Src/stm32f4xx_hal_cortex.o
                0x0000000008003d42                HAL_NVIC_EnableIRQ
 .text.HAL_SYSTICK_Config
                0x0000000008003d5e       0x18 ./Drivers/STM32F4xx_HAL_Driver/Src/stm32f4xx_hal_cortex.o
                0x0000000008003d5e                HAL_SYSTICK_Config
 .text.HAL_DMA_Abort
                0x0000000008003d76       0xe0 ./Drivers/STM32F4xx_HAL_Driver/Src/stm32f4xx_hal_dma.o
                0x0000000008003d76                HAL_DMA_Abort
 .text.HAL_DMA_Abort_IT
                0x0000000008003e56       0x44 ./Drivers/STM32F4xx_HAL_Driver/Src/stm32f4xx_hal_dma.o
                0x0000000008003e56                HAL_DMA_Abort_IT
 *fill*         0x0000000008003e9a        0x2 
 .text.HAL_GPIO_Init
                0x0000000008003e9c      0x338 ./Drivers/STM32F4xx_HAL_Driver/Src/stm32f4xx_hal_gpio.o
                0x0000000008003e9c                HAL_GPIO_Init
 .text.HAL_GPIO_ReadPin
                0x00000000080041d4       0x30 ./Drivers/STM32F4xx_HAL_Driver/Src/stm32f4xx_hal_gpio.o
                0x00000000080041d4                HAL_GPIO_ReadPin
 .text.HAL_GPIO_WritePin
                0x0000000008004204       0x32 ./Drivers/STM32F4xx_HAL_Driver/Src/stm32f4xx_hal_gpio.o
                0x0000000008004204                HAL_GPIO_WritePin
 *fill*         0x0000000008004236        0x2 
 .text.HAL_GPIO_EXTI_IRQHandler
                0x0000000008004238       0x30 ./Drivers/STM32F4xx_HAL_Driver/Src/stm32f4xx_hal_gpio.o
                0x0000000008004238                HAL_GPIO_EXTI_IRQHandler
 .text.HAL_HCD_Init
                0x0000000008004268       0xc4 ./Drivers/STM32F4xx_HAL_Driver/Src/stm32f4xx_hal_hcd.o
                0x0000000008004268                HAL_HCD_Init
 .text.HAL_HCD_HC_Init
                0x000000000800432c      0x11e ./Drivers/STM32F4xx_HAL_Driver/Src/stm32f4xx_hal_hcd.o
                0x000000000800432c                HAL_HCD_HC_Init
 .text.HAL_HCD_HC_Halt
                0x000000000800444a       0x46 ./Drivers/STM32F4xx_HAL_Driver/Src/stm32f4xx_hal_hcd.o
                0x000000000800444a                HAL_HCD_HC_Halt
 .text.HAL_HCD_HC_SubmitRequest
                0x0000000008004490      0x2ac ./Drivers/STM32F4xx_HAL_Driver/Src/stm32f4xx_hal_hcd.o
                0x0000000008004490                HAL_HCD_HC_SubmitRequest
 .text.HAL_HCD_IRQHandler
                0x000000000800473c      0x216 ./Drivers/STM32F4xx_HAL_Driver/Src/stm32f4xx_hal_hcd.o
                0x000000000800473c                HAL_HCD_IRQHandler
 .text.HAL_HCD_Start
                0x0000000008004952       0x46 ./Drivers/STM32F4xx_HAL_Driver/Src/stm32f4xx_hal_hcd.o
                0x0000000008004952                HAL_HCD_Start
 .text.HAL_HCD_Stop
                0x0000000008004998       0x3a ./Drivers/STM32F4xx_HAL_Driver/Src/stm32f4xx_hal_hcd.o
                0x0000000008004998                HAL_HCD_Stop
 .text.HAL_HCD_ResetPort
                0x00000000080049d2       0x1c ./Drivers/STM32F4xx_HAL_Driver/Src/stm32f4xx_hal_hcd.o
                0x00000000080049d2                HAL_HCD_ResetPort
 .text.HAL_HCD_HC_GetURBState
                0x00000000080049ee       0x28 ./Drivers/STM32F4xx_HAL_Driver/Src/stm32f4xx_hal_hcd.o
                0x00000000080049ee                HAL_HCD_HC_GetURBState
 .text.HAL_HCD_HC_GetXferCount
                0x0000000008004a16       0x28 ./Drivers/STM32F4xx_HAL_Driver/Src/stm32f4xx_hal_hcd.o
                0x0000000008004a16                HAL_HCD_HC_GetXferCount
 .text.HAL_HCD_GetCurrentFrame
                0x0000000008004a3e       0x1c ./Drivers/STM32F4xx_HAL_Driver/Src/stm32f4xx_hal_hcd.o
                0x0000000008004a3e                HAL_HCD_GetCurrentFrame
 .text.HAL_HCD_GetCurrentSpeed
                0x0000000008004a5a       0x1c ./Drivers/STM32F4xx_HAL_Driver/Src/stm32f4xx_hal_hcd.o
                0x0000000008004a5a                HAL_HCD_GetCurrentSpeed
 .text.HCD_HC_IN_IRQHandler
                0x0000000008004a76      0x6aa ./Drivers/STM32F4xx_HAL_Driver/Src/stm32f4xx_hal_hcd.o
 .text.HCD_HC_OUT_IRQHandler
                0x0000000008005120      0x6d2 ./Drivers/STM32F4xx_HAL_Driver/Src/stm32f4xx_hal_hcd.o
 .text.HCD_RXQLVL_IRQHandler
                0x00000000080057f2      0x1a4 ./Drivers/STM32F4xx_HAL_Driver/Src/stm32f4xx_hal_hcd.o
 .text.HCD_Port_IRQHandler
                0x0000000008005996       0xe6 ./Drivers/STM32F4xx_HAL_Driver/Src/stm32f4xx_hal_hcd.o
 .text.HAL_RCC_OscConfig
                0x0000000008005a7c      0x4f0 ./Drivers/STM32F4xx_HAL_Driver/Src/stm32f4xx_hal_rcc.o
                0x0000000008005a7c                HAL_RCC_OscConfig
 .text.HAL_RCC_ClockConfig
                0x0000000008005f6c      0x1cc ./Drivers/STM32F4xx_HAL_Driver/Src/stm32f4xx_hal_rcc.o
                0x0000000008005f6c                HAL_RCC_ClockConfig
 .text.HAL_RCC_GetSysClockFreq
                0x0000000008006138      0x20c ./Drivers/STM32F4xx_HAL_Driver/Src/stm32f4xx_hal_rcc.o
                0x0000000008006138                HAL_RCC_GetSysClockFreq
 .text.HAL_RCC_GetHCLKFreq
                0x0000000008006344       0x18 ./Drivers/STM32F4xx_HAL_Driver/Src/stm32f4xx_hal_rcc.o
                0x0000000008006344                HAL_RCC_GetHCLKFreq
 .text.HAL_RCC_GetPCLK1Freq
                0x000000000800635c       0x28 ./Drivers/STM32F4xx_HAL_Driver/Src/stm32f4xx_hal_rcc.o
                0x000000000800635c                HAL_RCC_GetPCLK1Freq
 .text.HAL_RCC_GetPCLK2Freq
                0x0000000008006384       0x28 ./Drivers/STM32F4xx_HAL_Driver/Src/stm32f4xx_hal_rcc.o
                0x0000000008006384                HAL_RCC_GetPCLK2Freq
 .text.HAL_TIM_Base_Init
                0x00000000080063ac       0x9e ./Drivers/STM32F4xx_HAL_Driver/Src/stm32f4xx_hal_tim.o
                0x00000000080063ac                HAL_TIM_Base_Init
 *fill*         0x000000000800644a        0x2 
 .text.HAL_TIM_Base_Start_IT
                0x000000000800644c       0xe0 ./Drivers/STM32F4xx_HAL_Driver/Src/stm32f4xx_hal_tim.o
                0x000000000800644c                HAL_TIM_Base_Start_IT
 .text.HAL_TIM_PWM_Init
                0x000000000800652c       0x9e ./Drivers/STM32F4xx_HAL_Driver/Src/stm32f4xx_hal_tim.o
                0x000000000800652c                HAL_TIM_PWM_Init
 *fill*         0x00000000080065ca        0x2 
 .text.HAL_TIM_PWM_Start
                0x00000000080065cc      0x190 ./Drivers/STM32F4xx_HAL_Driver/Src/stm32f4xx_hal_tim.o
                0x00000000080065cc                HAL_TIM_PWM_Start
 .text.HAL_TIM_Encoder_Init
                0x000000000800675c      0x14c ./Drivers/STM32F4xx_HAL_Driver/Src/stm32f4xx_hal_tim.o
                0x000000000800675c                HAL_TIM_Encoder_Init
 .text.HAL_TIM_Encoder_Start_IT
                0x00000000080068a8      0x15c ./Drivers/STM32F4xx_HAL_Driver/Src/stm32f4xx_hal_tim.o
                0x00000000080068a8                HAL_TIM_Encoder_Start_IT
 .text.HAL_TIM_IRQHandler
                0x0000000008006a04      0x210 ./Drivers/STM32F4xx_HAL_Driver/Src/stm32f4xx_hal_tim.o
                0x0000000008006a04                HAL_TIM_IRQHandler
 .text.HAL_TIM_PWM_ConfigChannel
                0x0000000008006c14      0x184 ./Drivers/STM32F4xx_HAL_Driver/Src/stm32f4xx_hal_tim.o
                0x0000000008006c14                HAL_TIM_PWM_ConfigChannel
 .text.HAL_TIM_OC_DelayElapsedCallback
                0x0000000008006d98       0x14 ./Drivers/STM32F4xx_HAL_Driver/Src/stm32f4xx_hal_tim.o
                0x0000000008006d98                HAL_TIM_OC_DelayElapsedCallback
 .text.HAL_TIM_IC_CaptureCallback
                0x0000000008006dac       0x14 ./Drivers/STM32F4xx_HAL_Driver/Src/stm32f4xx_hal_tim.o
                0x0000000008006dac                HAL_TIM_IC_CaptureCallback
 .text.HAL_TIM_PWM_PulseFinishedCallback
                0x0000000008006dc0       0x14 ./Drivers/STM32F4xx_HAL_Driver/Src/stm32f4xx_hal_tim.o
                0x0000000008006dc0                HAL_TIM_PWM_PulseFinishedCallback
 .text.HAL_TIM_TriggerCallback
                0x0000000008006dd4       0x14 ./Drivers/STM32F4xx_HAL_Driver/Src/stm32f4xx_hal_tim.o
                0x0000000008006dd4                HAL_TIM_TriggerCallback
 .text.TIM_Base_SetConfig
                0x0000000008006de8      0x140 ./Drivers/STM32F4xx_HAL_Driver/Src/stm32f4xx_hal_tim.o
                0x0000000008006de8                TIM_Base_SetConfig
 .text.TIM_OC1_SetConfig
                0x0000000008006f28       0xe0 ./Drivers/STM32F4xx_HAL_Driver/Src/stm32f4xx_hal_tim.o
 .text.TIM_OC2_SetConfig
                0x0000000008007008       0xec ./Drivers/STM32F4xx_HAL_Driver/Src/stm32f4xx_hal_tim.o
                0x0000000008007008                TIM_OC2_SetConfig
 .text.TIM_OC3_SetConfig
                0x00000000080070f4       0xe8 ./Drivers/STM32F4xx_HAL_Driver/Src/stm32f4xx_hal_tim.o
 .text.TIM_OC4_SetConfig
                0x00000000080071dc       0xac ./Drivers/STM32F4xx_HAL_Driver/Src/stm32f4xx_hal_tim.o
 .text.TIM_CCxChannelCmd
                0x0000000008007288       0x4a ./Drivers/STM32F4xx_HAL_Driver/Src/stm32f4xx_hal_tim.o
                0x0000000008007288                TIM_CCxChannelCmd
 *fill*         0x00000000080072d2        0x2 
 .text.HAL_TIMEx_MasterConfigSynchronization
                0x00000000080072d4       0xf8 ./Drivers/STM32F4xx_HAL_Driver/Src/stm32f4xx_hal_tim_ex.o
                0x00000000080072d4                HAL_TIMEx_MasterConfigSynchronization
 .text.HAL_TIMEx_CommutCallback
                0x00000000080073cc       0x14 ./Drivers/STM32F4xx_HAL_Driver/Src/stm32f4xx_hal_tim_ex.o
                0x00000000080073cc                HAL_TIMEx_CommutCallback
 .text.HAL_TIMEx_BreakCallback
                0x00000000080073e0       0x14 ./Drivers/STM32F4xx_HAL_Driver/Src/stm32f4xx_hal_tim_ex.o
                0x00000000080073e0                HAL_TIMEx_BreakCallback
 .text.HAL_UART_Init
                0x00000000080073f4       0x9a ./Drivers/STM32F4xx_HAL_Driver/Src/stm32f4xx_hal_uart.o
                0x00000000080073f4                HAL_UART_Init
 .text.HAL_UART_Transmit
                0x000000000800748e      0x124 ./Drivers/STM32F4xx_HAL_Driver/Src/stm32f4xx_hal_uart.o
                0x000000000800748e                HAL_UART_Transmit
 .text.HAL_UART_Receive_IT
                0x00000000080075b2       0x60 ./Drivers/STM32F4xx_HAL_Driver/Src/stm32f4xx_hal_uart.o
                0x00000000080075b2                HAL_UART_Receive_IT
 .text.HAL_UARTEx_ReceiveToIdle_IT
                0x0000000008007612       0xca ./Drivers/STM32F4xx_HAL_Driver/Src/stm32f4xx_hal_uart.o
                0x0000000008007612                HAL_UARTEx_ReceiveToIdle_IT
 .text.HAL_UART_IRQHandler
                0x00000000080076dc      0x51c ./Drivers/STM32F4xx_HAL_Driver/Src/stm32f4xx_hal_uart.o
                0x00000000080076dc                HAL_UART_IRQHandler
 .text.HAL_UART_TxCpltCallback
                0x0000000008007bf8       0x14 ./Drivers/STM32F4xx_HAL_Driver/Src/stm32f4xx_hal_uart.o
                0x0000000008007bf8                HAL_UART_TxCpltCallback
 .text.HAL_UART_ErrorCallback
                0x0000000008007c0c       0x14 ./Drivers/STM32F4xx_HAL_Driver/Src/stm32f4xx_hal_uart.o
                0x0000000008007c0c                HAL_UART_ErrorCallback
 .text.UART_WaitOnFlagUntilTimeout
                0x0000000008007c20       0xdc ./Drivers/STM32F4xx_HAL_Driver/Src/stm32f4xx_hal_uart.o
 .text.UART_Start_Receive_IT
                0x0000000008007cfc       0x7c ./Drivers/STM32F4xx_HAL_Driver/Src/stm32f4xx_hal_uart.o
                0x0000000008007cfc                UART_Start_Receive_IT
 .text.UART_EndRxTransfer
                0x0000000008007d78       0xc6 ./Drivers/STM32F4xx_HAL_Driver/Src/stm32f4xx_hal_uart.o
 .text.UART_DMAAbortOnError
                0x0000000008007e3e       0x28 ./Drivers/STM32F4xx_HAL_Driver/Src/stm32f4xx_hal_uart.o
 .text.UART_Transmit_IT
                0x0000000008007e66       0xa0 ./Drivers/STM32F4xx_HAL_Driver/Src/stm32f4xx_hal_uart.o
 .text.UART_EndTransmit_IT
                0x0000000008007f06       0x30 ./Drivers/STM32F4xx_HAL_Driver/Src/stm32f4xx_hal_uart.o
 .text.UART_Receive_IT
                0x0000000008007f36      0x176 ./Drivers/STM32F4xx_HAL_Driver/Src/stm32f4xx_hal_uart.o
 .text.UART_SetConfig
                0x00000000080080ac      0x4e8 ./Drivers/STM32F4xx_HAL_Driver/Src/stm32f4xx_hal_uart.o
 .text.USB_CoreInit
                0x0000000008008594       0xc2 ./Drivers/STM32F4xx_HAL_Driver/Src/stm32f4xx_ll_usb.o
                0x0000000008008594                USB_CoreInit
 .text.USB_EnableGlobalInt
                0x0000000008008656       0x22 ./Drivers/STM32F4xx_HAL_Driver/Src/stm32f4xx_ll_usb.o
                0x0000000008008656                USB_EnableGlobalInt
 .text.USB_DisableGlobalInt
                0x0000000008008678       0x22 ./Drivers/STM32F4xx_HAL_Driver/Src/stm32f4xx_ll_usb.o
                0x0000000008008678                USB_DisableGlobalInt
 .text.USB_SetCurrentMode
                0x000000000800869a       0x98 ./Drivers/STM32F4xx_HAL_Driver/Src/stm32f4xx_ll_usb.o
                0x000000000800869a                USB_SetCurrentMode
 *fill*         0x0000000008008732        0x2 
 .text.USB_FlushTxFifo
                0x0000000008008734       0x68 ./Drivers/STM32F4xx_HAL_Driver/Src/stm32f4xx_ll_usb.o
                0x0000000008008734                USB_FlushTxFifo
 .text.USB_FlushRxFifo
                0x000000000800879c       0x60 ./Drivers/STM32F4xx_HAL_Driver/Src/stm32f4xx_ll_usb.o
                0x000000000800879c                USB_FlushRxFifo
 .text.USB_WritePacket
                0x00000000080087fc       0x7c ./Drivers/STM32F4xx_HAL_Driver/Src/stm32f4xx_ll_usb.o
                0x00000000080087fc                USB_WritePacket
 .text.USB_ReadPacket
                0x0000000008008878       0xb0 ./Drivers/STM32F4xx_HAL_Driver/Src/stm32f4xx_ll_usb.o
                0x0000000008008878                USB_ReadPacket
 .text.USB_ReadInterrupts
                0x0000000008008928       0x26 ./Drivers/STM32F4xx_HAL_Driver/Src/stm32f4xx_ll_usb.o
                0x0000000008008928                USB_ReadInterrupts
 .text.USB_GetMode
                0x000000000800894e       0x1c ./Drivers/STM32F4xx_HAL_Driver/Src/stm32f4xx_ll_usb.o
                0x000000000800894e                USB_GetMode
 *fill*         0x000000000800896a        0x2 
 .text.USB_CoreReset
                0x000000000800896c       0x68 ./Drivers/STM32F4xx_HAL_Driver/Src/stm32f4xx_ll_usb.o
 .text.USB_HostInit
                0x00000000080089d4      0x180 ./Drivers/STM32F4xx_HAL_Driver/Src/stm32f4xx_ll_usb.o
                0x00000000080089d4                USB_HostInit
 .text.USB_InitFSLSPClkSel
                0x0000000008008b54       0x74 ./Drivers/STM32F4xx_HAL_Driver/Src/stm32f4xx_ll_usb.o
                0x0000000008008b54                USB_InitFSLSPClkSel
 .text.USB_ResetPort
                0x0000000008008bc8       0x54 ./Drivers/STM32F4xx_HAL_Driver/Src/stm32f4xx_ll_usb.o
                0x0000000008008bc8                USB_ResetPort
 .text.USB_DriveVbus
                0x0000000008008c1c       0x72 ./Drivers/STM32F4xx_HAL_Driver/Src/stm32f4xx_ll_usb.o
                0x0000000008008c1c                USB_DriveVbus
 .text.USB_GetHostSpeed
                0x0000000008008c8e       0x2e ./Drivers/STM32F4xx_HAL_Driver/Src/stm32f4xx_ll_usb.o
                0x0000000008008c8e                USB_GetHostSpeed
 .text.USB_GetCurrentFrame
                0x0000000008008cbc       0x22 ./Drivers/STM32F4xx_HAL_Driver/Src/stm32f4xx_ll_usb.o
                0x0000000008008cbc                USB_GetCurrentFrame
 *fill*         0x0000000008008cde        0x2 
 .text.USB_HC_Init
                0x0000000008008ce0      0x244 ./Drivers/STM32F4xx_HAL_Driver/Src/stm32f4xx_ll_usb.o
                0x0000000008008ce0                USB_HC_Init
 .text.USB_HC_StartXfer
                0x0000000008008f24      0x284 ./Drivers/STM32F4xx_HAL_Driver/Src/stm32f4xx_ll_usb.o
                0x0000000008008f24                USB_HC_StartXfer
 .text.USB_HC_ReadInterrupt
                0x00000000080091a8       0x22 ./Drivers/STM32F4xx_HAL_Driver/Src/stm32f4xx_ll_usb.o
                0x00000000080091a8                USB_HC_ReadInterrupt
 .text.USB_HC_Halt
                0x00000000080091ca      0x1f8 ./Drivers/STM32F4xx_HAL_Driver/Src/stm32f4xx_ll_usb.o
                0x00000000080091ca                USB_HC_Halt
 *fill*         0x00000000080093c2        0x2 
 .text.USB_DoPing
                0x00000000080093c4       0x78 ./Drivers/STM32F4xx_HAL_Driver/Src/stm32f4xx_ll_usb.o
                0x00000000080093c4                USB_DoPing
 .text.USB_StopHost
                0x000000000800943c      0x124 ./Drivers/STM32F4xx_HAL_Driver/Src/stm32f4xx_ll_usb.o
                0x000000000800943c                USB_StopHost
 .text.USBH_HID_InterfaceInit
                0x0000000008009560      0x254 ./Middlewares/ST/STM32_USB_Host_Library/Class/HID/Src/usbh_hid.o
 .text.USBH_HID_InterfaceDeInit
                0x00000000080097b4       0x8c ./Middlewares/ST/STM32_USB_Host_Library/Class/HID/Src/usbh_hid.o
 .text.USBH_HID_ClassRequest
                0x0000000008009840       0xfc ./Middlewares/ST/STM32_USB_Host_Library/Class/HID/Src/usbh_hid.o
 .text.USBH_HID_Process
                0x000000000800993c      0x188 ./Middlewares/ST/STM32_USB_Host_Library/Class/HID/Src/usbh_hid.o
 .text.USBH_HID_SOFProcess
                0x0000000008009ac4       0x42 ./Middlewares/ST/STM32_USB_Host_Library/Class/HID/Src/usbh_hid.o
 .text.USBH_HID_GetHIDReportDescriptor
                0x0000000008009b06       0x32 ./Middlewares/ST/STM32_USB_Host_Library/Class/HID/Src/usbh_hid.o
                0x0000000008009b06                USBH_HID_GetHIDReportDescriptor
 .text.USBH_HID_SetIdle
                0x0000000008009b38       0x50 ./Middlewares/ST/STM32_USB_Host_Library/Class/HID/Src/usbh_hid.o
                0x0000000008009b38                USBH_HID_SetIdle
 .text.USBH_HID_GetReport
                0x0000000008009b88       0x58 ./Middlewares/ST/STM32_USB_Host_Library/Class/HID/Src/usbh_hid.o
                0x0000000008009b88                USBH_HID_GetReport
 .text.USBH_HID_SetProtocol
                0x0000000008009be0       0x4c ./Middlewares/ST/STM32_USB_Host_Library/Class/HID/Src/usbh_hid.o
                0x0000000008009be0                USBH_HID_SetProtocol
 .text.USBH_HID_ParseHIDDesc
                0x0000000008009c2c       0xbc ./Middlewares/ST/STM32_USB_Host_Library/Class/HID/Src/usbh_hid.o
 .text.USBH_HID_GetDeviceType
                0x0000000008009ce8       0x54 ./Middlewares/ST/STM32_USB_Host_Library/Class/HID/Src/usbh_hid.o
                0x0000000008009ce8                USBH_HID_GetDeviceType
 .text.USBH_HID_FifoInit
                0x0000000008009d3c       0x38 ./Middlewares/ST/STM32_USB_Host_Library/Class/HID/Src/usbh_hid.o
                0x0000000008009d3c                USBH_HID_FifoInit
 .text.USBH_HID_FifoRead
                0x0000000008009d74       0x92 ./Middlewares/ST/STM32_USB_Host_Library/Class/HID/Src/usbh_hid.o
                0x0000000008009d74                USBH_HID_FifoRead
 .text.USBH_HID_FifoWrite
                0x0000000008009e06       0xa8 ./Middlewares/ST/STM32_USB_Host_Library/Class/HID/Src/usbh_hid.o
                0x0000000008009e06                USBH_HID_FifoWrite
 *fill*         0x0000000008009eae        0x2 
 .text.USBH_HID_KeybdInit
                0x0000000008009eb0       0xa8 ./Middlewares/ST/STM32_USB_Host_Library/Class/HID/Src/usbh_hid_keybd.o
                0x0000000008009eb0                USBH_HID_KeybdInit
 .text.USBH_HID_GetKeybdInfo
                0x0000000008009f58       0x28 ./Middlewares/ST/STM32_USB_Host_Library/Class/HID/Src/usbh_hid_keybd.o
                0x0000000008009f58                USBH_HID_GetKeybdInfo
 .text.USBH_HID_KeybdDecode
                0x0000000008009f80      0x120 ./Middlewares/ST/STM32_USB_Host_Library/Class/HID/Src/usbh_hid_keybd.o
 .text.USBH_HID_GetASCIICode
                0x000000000800a0a0       0x58 ./Middlewares/ST/STM32_USB_Host_Library/Class/HID/Src/usbh_hid_keybd.o
                0x000000000800a0a0                USBH_HID_GetASCIICode
 .text.USBH_HID_MouseInit
                0x000000000800a0f8       0x94 ./Middlewares/ST/STM32_USB_Host_Library/Class/HID/Src/usbh_hid_mouse.o
                0x000000000800a0f8                USBH_HID_MouseInit
 .text.HID_ReadItem
                0x000000000800a18c      0x134 ./Middlewares/ST/STM32_USB_Host_Library/Class/HID/Src/usbh_hid_parser.o
                0x000000000800a18c                HID_ReadItem
 .text.USBH_Init
                0x000000000800a2c0       0x74 ./Middlewares/ST/STM32_USB_Host_Library/Core/Src/usbh_core.o
                0x000000000800a2c0                USBH_Init
 .text.DeInitStateMachine
                0x000000000800a334       0xa8 ./Middlewares/ST/STM32_USB_Host_Library/Core/Src/usbh_core.o
 .text.USBH_RegisterClass
                0x000000000800a3dc       0x54 ./Middlewares/ST/STM32_USB_Host_Library/Core/Src/usbh_core.o
                0x000000000800a3dc                USBH_RegisterClass
 .text.USBH_SelectInterface
                0x000000000800a430       0x38 ./Middlewares/ST/STM32_USB_Host_Library/Core/Src/usbh_core.o
                0x000000000800a430                USBH_SelectInterface
 .text.USBH_FindInterface
                0x000000000800a468       0x8c ./Middlewares/ST/STM32_USB_Host_Library/Core/Src/usbh_core.o
                0x000000000800a468                USBH_FindInterface
 .text.USBH_Start
                0x000000000800a4f4       0x20 ./Middlewares/ST/STM32_USB_Host_Library/Core/Src/usbh_core.o
                0x000000000800a4f4                USBH_Start
 .text.USBH_Process
                0x000000000800a514      0x3d8 ./Middlewares/ST/STM32_USB_Host_Library/Core/Src/usbh_core.o
                0x000000000800a514                USBH_Process
 .text.USBH_HandleEnum
                0x000000000800a8ec      0x3c8 ./Middlewares/ST/STM32_USB_Host_Library/Core/Src/usbh_core.o
 .text.USBH_LL_SetTimer
                0x000000000800acb4       0x1e ./Middlewares/ST/STM32_USB_Host_Library/Core/Src/usbh_core.o
                0x000000000800acb4                USBH_LL_SetTimer
 .text.USBH_LL_IncTimer
                0x000000000800acd2       0x24 ./Middlewares/ST/STM32_USB_Host_Library/Core/Src/usbh_core.o
                0x000000000800acd2                USBH_LL_IncTimer
 .text.USBH_HandleSof
                0x000000000800acf6       0x30 ./Middlewares/ST/STM32_USB_Host_Library/Core/Src/usbh_core.o
 .text.USBH_LL_PortEnabled
                0x000000000800ad26       0x1c ./Middlewares/ST/STM32_USB_Host_Library/Core/Src/usbh_core.o
                0x000000000800ad26                USBH_LL_PortEnabled
 .text.USBH_LL_PortDisabled
                0x000000000800ad42       0x1c ./Middlewares/ST/STM32_USB_Host_Library/Core/Src/usbh_core.o
                0x000000000800ad42                USBH_LL_PortDisabled
 .text.USBH_LL_Connect
                0x000000000800ad5e       0x2e ./Middlewares/ST/STM32_USB_Host_Library/Core/Src/usbh_core.o
                0x000000000800ad5e                USBH_LL_Connect
 .text.USBH_LL_Disconnect
                0x000000000800ad8c       0x48 ./Middlewares/ST/STM32_USB_Host_Library/Core/Src/usbh_core.o
                0x000000000800ad8c                USBH_LL_Disconnect
 .text.USBH_Get_DevDesc
                0x000000000800add4       0x50 ./Middlewares/ST/STM32_USB_Host_Library/Core/Src/usbh_ctlreq.o
                0x000000000800add4                USBH_Get_DevDesc
 .text.USBH_Get_CfgDesc
                0x000000000800ae24       0x48 ./Middlewares/ST/STM32_USB_Host_Library/Core/Src/usbh_ctlreq.o
                0x000000000800ae24                USBH_Get_CfgDesc
 .text.USBH_Get_StringDesc
                0x000000000800ae6c       0x56 ./Middlewares/ST/STM32_USB_Host_Library/Core/Src/usbh_ctlreq.o
                0x000000000800ae6c                USBH_Get_StringDesc
 .text.USBH_GetDescriptor
                0x000000000800aec2       0x6a ./Middlewares/ST/STM32_USB_Host_Library/Core/Src/usbh_ctlreq.o
                0x000000000800aec2                USBH_GetDescriptor
 .text.USBH_SetAddress
                0x000000000800af2c       0x48 ./Middlewares/ST/STM32_USB_Host_Library/Core/Src/usbh_ctlreq.o
                0x000000000800af2c                USBH_SetAddress
 .text.USBH_SetCfg
                0x000000000800af74       0x46 ./Middlewares/ST/STM32_USB_Host_Library/Core/Src/usbh_ctlreq.o
                0x000000000800af74                USBH_SetCfg
 .text.USBH_SetFeature
                0x000000000800afba       0x48 ./Middlewares/ST/STM32_USB_Host_Library/Core/Src/usbh_ctlreq.o
                0x000000000800afba                USBH_SetFeature
 .text.USBH_ClrFeature
                0x000000000800b002       0x48 ./Middlewares/ST/STM32_USB_Host_Library/Core/Src/usbh_ctlreq.o
                0x000000000800b002                USBH_ClrFeature
 *fill*         0x000000000800b04a        0x2 
 .text.USBH_ParseDevDesc
                0x000000000800b04c      0x124 ./Middlewares/ST/STM32_USB_Host_Library/Core/Src/usbh_ctlreq.o
 .text.USBH_ParseCfgDesc
                0x000000000800b170      0x1ec ./Middlewares/ST/STM32_USB_Host_Library/Core/Src/usbh_ctlreq.o
 .text.USBH_ParseInterfaceDesc
                0x000000000800b35c       0x5e ./Middlewares/ST/STM32_USB_Host_Library/Core/Src/usbh_ctlreq.o
 .text.USBH_ParseEPDesc
                0x000000000800b3ba      0x14a ./Middlewares/ST/STM32_USB_Host_Library/Core/Src/usbh_ctlreq.o
 .text.USBH_ParseStringDesc
                0x000000000800b504       0x66 ./Middlewares/ST/STM32_USB_Host_Library/Core/Src/usbh_ctlreq.o
 .text.USBH_GetNextDesc
                0x000000000800b56a       0x36 ./Middlewares/ST/STM32_USB_Host_Library/Core/Src/usbh_ctlreq.o
                0x000000000800b56a                USBH_GetNextDesc
 .text.USBH_CtlReq
                0x000000000800b5a0       0x7a ./Middlewares/ST/STM32_USB_Host_Library/Core/Src/usbh_ctlreq.o
                0x000000000800b5a0                USBH_CtlReq
 *fill*         0x000000000800b61a        0x2 
 .text.USBH_HandleControl
                0x000000000800b61c      0x2e8 ./Middlewares/ST/STM32_USB_Host_Library/Core/Src/usbh_ctlreq.o
 .text.USBH_CtlSendSetup
                0x000000000800b904       0x34 ./Middlewares/ST/STM32_USB_Host_Library/Core/Src/usbh_ioreq.o
                0x000000000800b904                USBH_CtlSendSetup
 .text.USBH_CtlSendData
                0x000000000800b938       0x4a ./Middlewares/ST/STM32_USB_Host_Library/Core/Src/usbh_ioreq.o
                0x000000000800b938                USBH_CtlSendData
 .text.USBH_CtlReceiveData
                0x000000000800b982       0x3c ./Middlewares/ST/STM32_USB_Host_Library/Core/Src/usbh_ioreq.o
                0x000000000800b982                USBH_CtlReceiveData
 .text.USBH_InterruptReceiveData
                0x000000000800b9be       0x3e ./Middlewares/ST/STM32_USB_Host_Library/Core/Src/usbh_ioreq.o
                0x000000000800b9be                USBH_InterruptReceiveData
 .text.USBH_OpenPipe
                0x000000000800b9fc       0x3e ./Middlewares/ST/STM32_USB_Host_Library/Core/Src/usbh_pipes.o
                0x000000000800b9fc                USBH_OpenPipe
 .text.USBH_ClosePipe
                0x000000000800ba3a       0x20 ./Middlewares/ST/STM32_USB_Host_Library/Core/Src/usbh_pipes.o
                0x000000000800ba3a                USBH_ClosePipe
 .text.USBH_AllocPipe
                0x000000000800ba5a       0x42 ./Middlewares/ST/STM32_USB_Host_Library/Core/Src/usbh_pipes.o
                0x000000000800ba5a                USBH_AllocPipe
 .text.USBH_FreePipe
                0x000000000800ba9c       0x3c ./Middlewares/ST/STM32_USB_Host_Library/Core/Src/usbh_pipes.o
                0x000000000800ba9c                USBH_FreePipe
 .text.USBH_GetFreePipe
                0x000000000800bad8       0x48 ./Middlewares/ST/STM32_USB_Host_Library/Core/Src/usbh_pipes.o
 .text.MX_USB_HOST_Init
                0x000000000800bb20       0x4c ./USB_HOST/App/usb_host.o
                0x000000000800bb20                MX_USB_HOST_Init
 .text.MX_USB_HOST_Process
                0x000000000800bb6c       0x14 ./USB_HOST/App/usb_host.o
                0x000000000800bb6c                MX_USB_HOST_Process
 .text.USBH_UserProcess
                0x000000000800bb80       0x5c ./USB_HOST/App/usb_host.o
 .text.HAL_HCD_MspInit
                0x000000000800bbdc       0xc4 ./USB_HOST/Target/usbh_conf.o
                0x000000000800bbdc                HAL_HCD_MspInit
 .text.HAL_HCD_SOF_Callback
                0x000000000800bca0       0x1c ./USB_HOST/Target/usbh_conf.o
                0x000000000800bca0                HAL_HCD_SOF_Callback
 .text.HAL_HCD_Connect_Callback
                0x000000000800bcbc       0x1c ./USB_HOST/Target/usbh_conf.o
                0x000000000800bcbc                HAL_HCD_Connect_Callback
 .text.HAL_HCD_Disconnect_Callback
                0x000000000800bcd8       0x1c ./USB_HOST/Target/usbh_conf.o
                0x000000000800bcd8                HAL_HCD_Disconnect_Callback
 .text.HAL_HCD_HC_NotifyURBChange_Callback
                0x000000000800bcf4       0x1c ./USB_HOST/Target/usbh_conf.o
                0x000000000800bcf4                HAL_HCD_HC_NotifyURBChange_Callback
 .text.HAL_HCD_PortEnabled_Callback
                0x000000000800bd10       0x1c ./USB_HOST/Target/usbh_conf.o
                0x000000000800bd10                HAL_HCD_PortEnabled_Callback
 .text.HAL_HCD_PortDisabled_Callback
                0x000000000800bd2c       0x1c ./USB_HOST/Target/usbh_conf.o
                0x000000000800bd2c                HAL_HCD_PortDisabled_Callback
 .text.USBH_LL_Init
                0x000000000800bd48       0x78 ./USB_HOST/Target/usbh_conf.o
                0x000000000800bd48                USBH_LL_Init
 .text.USBH_LL_Start
                0x000000000800bdc0       0x36 ./USB_HOST/Target/usbh_conf.o
                0x000000000800bdc0                USBH_LL_Start
 .text.USBH_LL_Stop
                0x000000000800bdf6       0x36 ./USB_HOST/Target/usbh_conf.o
                0x000000000800bdf6                USBH_LL_Stop
 .text.USBH_LL_GetSpeed
                0x000000000800be2c       0x4e ./USB_HOST/Target/usbh_conf.o
                0x000000000800be2c                USBH_LL_GetSpeed
 .text.USBH_LL_ResetPort
                0x000000000800be7a       0x36 ./USB_HOST/Target/usbh_conf.o
                0x000000000800be7a                USBH_LL_ResetPort
 .text.USBH_LL_GetLastXferSize
                0x000000000800beb0       0x26 ./USB_HOST/Target/usbh_conf.o
                0x000000000800beb0                USBH_LL_GetLastXferSize
 .text.USBH_LL_OpenPipe
                0x000000000800bed6       0x5e ./USB_HOST/Target/usbh_conf.o
                0x000000000800bed6                USBH_LL_OpenPipe
 .text.USBH_LL_ClosePipe
                0x000000000800bf34       0x3e ./USB_HOST/Target/usbh_conf.o
                0x000000000800bf34                USBH_LL_ClosePipe
 .text.USBH_LL_SubmitURB
                0x000000000800bf72       0x62 ./USB_HOST/Target/usbh_conf.o
                0x000000000800bf72                USBH_LL_SubmitURB
 .text.USBH_LL_GetURBState
                0x000000000800bfd4       0x26 ./USB_HOST/Target/usbh_conf.o
                0x000000000800bfd4                USBH_LL_GetURBState
 .text.USBH_LL_DriverVBUS
                0x000000000800bffa       0x2e ./USB_HOST/Target/usbh_conf.o
                0x000000000800bffa                USBH_LL_DriverVBUS
 .text.USBH_LL_SetToggle
                0x000000000800c028       0x60 ./USB_HOST/Target/usbh_conf.o
                0x000000000800c028                USBH_LL_SetToggle
 .text.USBH_Delay
                0x000000000800c088       0x16 ./USB_HOST/Target/usbh_conf.o
                0x000000000800c088                USBH_Delay
 *fill*         0x000000000800c09e        0x2 
 .text.USBH_Get_USB_Status
                0x000000000800c0a0       0x58 ./USB_HOST/Target/usbh_conf.o
                0x000000000800c0a0                USBH_Get_USB_Status
 .text.MX_DriverVbusFS
                0x000000000800c0f8       0x38 ./USB_HOST/Target/usbh_platform.o
                0x000000000800c0f8                MX_DriverVbusFS
 .text.bldcInit
                0x000000000800c130       0x14 ./modules/bldc/bldc.o
                0x000000000800c130                bldcInit
 .text.adjustBldc
                0x000000000800c144       0x4c ./modules/bldc/bldc.o
                0x000000000800c144                adjustBldc
 .text.breakInit
                0x000000000800c190       0x20 ./modules/break/break.o
                0x000000000800c190                breakInit
 .text.stop_break
                0x000000000800c1b0       0x34 ./modules/break/break.o
 .text.press_break
                0x000000000800c1e4       0x34 ./modules/break/break.o
 .text.release_break
                0x000000000800c218       0x34 ./modules/break/break.o
 .text.breakCheckSwitchStatus
                0x000000000800c24c       0x50 ./modules/break/break.o
                0x000000000800c24c                breakCheckSwitchStatus
 .text.breakAdjust
                0x000000000800c29c       0x36 ./modules/break/break.o
                0x000000000800c29c                breakAdjust
 *fill*         0x000000000800c2d2        0x2 
 .text.getMode  0x000000000800c2d4      0x388 ./modules/manuel/manuel.o
                0x000000000800c2d4                getMode
 .text.readAdc_speed
                0x000000000800c65c       0x58 ./modules/manuel/manuel.o
                0x000000000800c65c                readAdc_speed
 .text.HAL_UARTEx_RxEventCallback
                0x000000000800c6b4       0x4c ./modules/modbus/modbus.o
                0x000000000800c6b4                HAL_UARTEx_RxEventCallback
 .text.modbus_Init
                0x000000000800c700       0x44 ./modules/modbus/modbus.o
                0x000000000800c700                modbus_Init
 .text.modbusClearReciveBuffer
                0x000000000800c744       0x24 ./modules/modbus/modbus.o
 .text.modbusClearSendBuffer
                0x000000000800c768       0x18 ./modules/modbus/modbus.o
 .text.modbusCheckRecivedCRC
                0x000000000800c780       0x80 ./modules/modbus/modbus.o
 .text.modbusCalculateSendedCRC
                0x000000000800c800       0x30 ./modules/modbus/modbus.o
 .text.modbusReadHoldingRegisterFunction
                0x000000000800c830      0x1b8 ./modules/modbus/modbus.o
 .text.modbusWriteMultipleRegisterFunction
                0x000000000800c9e8      0x168 ./modules/modbus/modbus.o
 .text.modbusWriteSingleRegisterFunction
                0x000000000800cb50       0x78 ./modules/modbus/modbus.o
 .text.modbus_Loop
                0x000000000800cbc8       0x60 ./modules/modbus/modbus.o
                0x000000000800cbc8                modbus_Loop
 .text.crc16    0x000000000800cc28       0x6c ./modules/modbus/modbus_crc.o
                0x000000000800cc28                crc16
 .text.bldcReverseSignal
                0x000000000800cc94       0x28 ./modules/role/role.o
                0x000000000800cc94                bldcReverseSignal
 .text.bldcForwardSignal
                0x000000000800ccbc       0x28 ./modules/role/role.o
                0x000000000800ccbc                bldcForwardSignal
 .text.rightSignalOpen
                0x000000000800cce4       0x24 ./modules/role/role.o
                0x000000000800cce4                rightSignalOpen
 .text.rightSignalClose
                0x000000000800cd08       0x24 ./modules/role/role.o
                0x000000000800cd08                rightSignalClose
 .text.leftSignalOpen
                0x000000000800cd2c       0x24 ./modules/role/role.o
                0x000000000800cd2c                leftSignalOpen
 .text.leftSignalClose
                0x000000000800cd50       0x24 ./modules/role/role.o
                0x000000000800cd50                leftSignalClose
 .text.stopSignalOpen
                0x000000000800cd74       0x24 ./modules/role/role.o
                0x000000000800cd74                stopSignalOpen
 .text.stopSignalClose
                0x000000000800cd98       0x24 ./modules/role/role.o
                0x000000000800cd98                stopSignalClose
 .text.emergencySignalClose
                0x000000000800cdbc       0x24 ./modules/role/role.o
                0x000000000800cdbc                emergencySignalClose
 .text.emergencySignalOpen
                0x000000000800cde0       0x24 ./modules/role/role.o
                0x000000000800cde0                emergencySignalOpen
 .text.frontSignalOpen
                0x000000000800ce04       0x24 ./modules/role/role.o
                0x000000000800ce04                frontSignalOpen
 .text.frontSignalClose
                0x000000000800ce28       0x24 ./modules/role/role.o
                0x000000000800ce28                frontSignalClose
 .text.switchAdjust
                0x000000000800ce4c      0x1ac ./modules/role/role.o
                0x000000000800ce4c                switchAdjust
 .text.delay_ms
                0x000000000800cff8       0x54 ./modules/role/role.o
                0x000000000800cff8                delay_ms
 .text.wheelInit
                0x000000000800d04c       0x38 ./modules/wheels/wheel.o
                0x000000000800d04c                wheelInit
 .text.wheelTurnRight
                0x000000000800d084       0x24 ./modules/wheels/wheel.o
                0x000000000800d084                wheelTurnRight
 .text.wheelTurnLeft
                0x000000000800d0a8       0x24 ./modules/wheels/wheel.o
                0x000000000800d0a8                wheelTurnLeft
 .text.wheelStop
                0x000000000800d0cc       0x28 ./modules/wheels/wheel.o
                0x000000000800d0cc                wheelStop
 .text.malloc   0x000000000800d0f4       0x10 C:/ST/STM32CubeIDE_1.11.2/STM32CubeIDE/plugins/com.st.stm32cube.ide.mcu.externaltools.gnu-tools-for-stm32.11.3.rel1.win32_1.1.100.202309141235/tools/bin/../lib/gcc/arm-none-eabi/11.3.1/../../../../arm-none-eabi/lib/thumb/v7e-m+fp/hard\libc_nano.a(libc_a-malloc.o)
                0x000000000800d0f4                malloc
 .text.free     0x000000000800d104       0x10 C:/ST/STM32CubeIDE_1.11.2/STM32CubeIDE/plugins/com.st.stm32cube.ide.mcu.externaltools.gnu-tools-for-stm32.11.3.rel1.win32_1.1.100.202309141235/tools/bin/../lib/gcc/arm-none-eabi/11.3.1/../../../../arm-none-eabi/lib/thumb/v7e-m+fp/hard\libc_nano.a(libc_a-malloc.o)
                0x000000000800d104                free
 .text.sbrk_aligned
                0x000000000800d114       0x40 C:/ST/STM32CubeIDE_1.11.2/STM32CubeIDE/plugins/com.st.stm32cube.ide.mcu.externaltools.gnu-tools-for-stm32.11.3.rel1.win32_1.1.100.202309141235/tools/bin/../lib/gcc/arm-none-eabi/11.3.1/../../../../arm-none-eabi/lib/thumb/v7e-m+fp/hard\libc_nano.a(libc_a-mallocr.o)
 .text._malloc_r
                0x000000000800d154      0x100 C:/ST/STM32CubeIDE_1.11.2/STM32CubeIDE/plugins/com.st.stm32cube.ide.mcu.externaltools.gnu-tools-for-stm32.11.3.rel1.win32_1.1.100.202309141235/tools/bin/../lib/gcc/arm-none-eabi/11.3.1/../../../../arm-none-eabi/lib/thumb/v7e-m+fp/hard\libc_nano.a(libc_a-mallocr.o)
                0x000000000800d154                _malloc_r
 .text.__malloc_lock
                0x000000000800d254        0xc C:/ST/STM32CubeIDE_1.11.2/STM32CubeIDE/plugins/com.st.stm32cube.ide.mcu.externaltools.gnu-tools-for-stm32.11.3.rel1.win32_1.1.100.202309141235/tools/bin/../lib/gcc/arm-none-eabi/11.3.1/../../../../arm-none-eabi/lib/thumb/v7e-m+fp/hard\libc_nano.a(libc_a-mlock.o)
                0x000000000800d254                __malloc_lock
 .text.__malloc_unlock
                0x000000000800d260        0xc C:/ST/STM32CubeIDE_1.11.2/STM32CubeIDE/plugins/com.st.stm32cube.ide.mcu.externaltools.gnu-tools-for-stm32.11.3.rel1.win32_1.1.100.202309141235/tools/bin/../lib/gcc/arm-none-eabi/11.3.1/../../../../arm-none-eabi/lib/thumb/v7e-m+fp/hard\libc_nano.a(libc_a-mlock.o)
                0x000000000800d260                __malloc_unlock
 .text.sulp     0x000000000800d26c       0x38 C:/ST/STM32CubeIDE_1.11.2/STM32CubeIDE/plugins/com.st.stm32cube.ide.mcu.externaltools.gnu-tools-for-stm32.11.3.rel1.win32_1.1.100.202309141235/tools/bin/../lib/gcc/arm-none-eabi/11.3.1/../../../../arm-none-eabi/lib/thumb/v7e-m+fp/hard\libc_nano.a(libc_a-strtod.o)
 *fill*         0x000000000800d2a4        0x4 
 .text._strtod_l
                0x000000000800d2a8      0xbe0 C:/ST/STM32CubeIDE_1.11.2/STM32CubeIDE/plugins/com.st.stm32cube.ide.mcu.externaltools.gnu-tools-for-stm32.11.3.rel1.win32_1.1.100.202309141235/tools/bin/../lib/gcc/arm-none-eabi/11.3.1/../../../../arm-none-eabi/lib/thumb/v7e-m+fp/hard\libc_nano.a(libc_a-strtod.o)
                0x000000000800d2a8                _strtod_l
 .text.strtod   0x000000000800de88       0x18 C:/ST/STM32CubeIDE_1.11.2/STM32CubeIDE/plugins/com.st.stm32cube.ide.mcu.externaltools.gnu-tools-for-stm32.11.3.rel1.win32_1.1.100.202309141235/tools/bin/../lib/gcc/arm-none-eabi/11.3.1/../../../../arm-none-eabi/lib/thumb/v7e-m+fp/hard\libc_nano.a(libc_a-strtod.o)
                0x000000000800de88                strtod
 .text.std      0x000000000800dea0       0x6c C:/ST/STM32CubeIDE_1.11.2/STM32CubeIDE/plugins/com.st.stm32cube.ide.mcu.externaltools.gnu-tools-for-stm32.11.3.rel1.win32_1.1.100.202309141235/tools/bin/../lib/gcc/arm-none-eabi/11.3.1/../../../../arm-none-eabi/lib/thumb/v7e-m+fp/hard\libc_nano.a(libc_a-findfp.o)
 .text.stdio_exit_handler
                0x000000000800df0c       0x18 C:/ST/STM32CubeIDE_1.11.2/STM32CubeIDE/plugins/com.st.stm32cube.ide.mcu.externaltools.gnu-tools-for-stm32.11.3.rel1.win32_1.1.100.202309141235/tools/bin/../lib/gcc/arm-none-eabi/11.3.1/../../../../arm-none-eabi/lib/thumb/v7e-m+fp/hard\libc_nano.a(libc_a-findfp.o)
 .text.cleanup_stdio
                0x000000000800df24       0x40 C:/ST/STM32CubeIDE_1.11.2/STM32CubeIDE/plugins/com.st.stm32cube.ide.mcu.externaltools.gnu-tools-for-stm32.11.3.rel1.win32_1.1.100.202309141235/tools/bin/../lib/gcc/arm-none-eabi/11.3.1/../../../../arm-none-eabi/lib/thumb/v7e-m+fp/hard\libc_nano.a(libc_a-findfp.o)
 .text.global_stdio_init.part.0
                0x000000000800df64       0x3c C:/ST/STM32CubeIDE_1.11.2/STM32CubeIDE/plugins/com.st.stm32cube.ide.mcu.externaltools.gnu-tools-for-stm32.11.3.rel1.win32_1.1.100.202309141235/tools/bin/../lib/gcc/arm-none-eabi/11.3.1/../../../../arm-none-eabi/lib/thumb/v7e-m+fp/hard\libc_nano.a(libc_a-findfp.o)
 .text.__sfp_lock_acquire
                0x000000000800dfa0        0xc C:/ST/STM32CubeIDE_1.11.2/STM32CubeIDE/plugins/com.st.stm32cube.ide.mcu.externaltools.gnu-tools-for-stm32.11.3.rel1.win32_1.1.100.202309141235/tools/bin/../lib/gcc/arm-none-eabi/11.3.1/../../../../arm-none-eabi/lib/thumb/v7e-m+fp/hard\libc_nano.a(libc_a-findfp.o)
                0x000000000800dfa0                __sfp_lock_acquire
 .text.__sfp_lock_release
                0x000000000800dfac        0xc C:/ST/STM32CubeIDE_1.11.2/STM32CubeIDE/plugins/com.st.stm32cube.ide.mcu.externaltools.gnu-tools-for-stm32.11.3.rel1.win32_1.1.100.202309141235/tools/bin/../lib/gcc/arm-none-eabi/11.3.1/../../../../arm-none-eabi/lib/thumb/v7e-m+fp/hard\libc_nano.a(libc_a-findfp.o)
                0x000000000800dfac                __sfp_lock_release
 .text.__sinit  0x000000000800dfb8       0x30 C:/ST/STM32CubeIDE_1.11.2/STM32CubeIDE/plugins/com.st.stm32cube.ide.mcu.externaltools.gnu-tools-for-stm32.11.3.rel1.win32_1.1.100.202309141235/tools/bin/../lib/gcc/arm-none-eabi/11.3.1/../../../../arm-none-eabi/lib/thumb/v7e-m+fp/hard\libc_nano.a(libc_a-findfp.o)
                0x000000000800dfb8                __sinit
 .text._fwalk_sglue
                0x000000000800dfe8       0x3c C:/ST/STM32CubeIDE_1.11.2/STM32CubeIDE/plugins/com.st.stm32cube.ide.mcu.externaltools.gnu-tools-for-stm32.11.3.rel1.win32_1.1.100.202309141235/tools/bin/../lib/gcc/arm-none-eabi/11.3.1/../../../../arm-none-eabi/lib/thumb/v7e-m+fp/hard\libc_nano.a(libc_a-fwalk.o)
                0x000000000800dfe8                _fwalk_sglue
 .text.__sread  0x000000000800e024       0x22 C:/ST/STM32CubeIDE_1.11.2/STM32CubeIDE/plugins/com.st.stm32cube.ide.mcu.externaltools.gnu-tools-for-stm32.11.3.rel1.win32_1.1.100.202309141235/tools/bin/../lib/gcc/arm-none-eabi/11.3.1/../../../../arm-none-eabi/lib/thumb/v7e-m+fp/hard\libc_nano.a(libc_a-stdio.o)
                0x000000000800e024                __sread
 .text.__swrite
                0x000000000800e046       0x38 C:/ST/STM32CubeIDE_1.11.2/STM32CubeIDE/plugins/com.st.stm32cube.ide.mcu.externaltools.gnu-tools-for-stm32.11.3.rel1.win32_1.1.100.202309141235/tools/bin/../lib/gcc/arm-none-eabi/11.3.1/../../../../arm-none-eabi/lib/thumb/v7e-m+fp/hard\libc_nano.a(libc_a-stdio.o)
                0x000000000800e046                __swrite
 .text.__sseek  0x000000000800e07e       0x24 C:/ST/STM32CubeIDE_1.11.2/STM32CubeIDE/plugins/com.st.stm32cube.ide.mcu.externaltools.gnu-tools-for-stm32.11.3.rel1.win32_1.1.100.202309141235/tools/bin/../lib/gcc/arm-none-eabi/11.3.1/../../../../arm-none-eabi/lib/thumb/v7e-m+fp/hard\libc_nano.a(libc_a-stdio.o)
                0x000000000800e07e                __sseek
 .text.__sclose
                0x000000000800e0a2        0x8 C:/ST/STM32CubeIDE_1.11.2/STM32CubeIDE/plugins/com.st.stm32cube.ide.mcu.externaltools.gnu-tools-for-stm32.11.3.rel1.win32_1.1.100.202309141235/tools/bin/../lib/gcc/arm-none-eabi/11.3.1/../../../../arm-none-eabi/lib/thumb/v7e-m+fp/hard\libc_nano.a(libc_a-stdio.o)
                0x000000000800e0a2                __sclose
 .text.memset   0x000000000800e0aa       0x10 C:/ST/STM32CubeIDE_1.11.2/STM32CubeIDE/plugins/com.st.stm32cube.ide.mcu.externaltools.gnu-tools-for-stm32.11.3.rel1.win32_1.1.100.202309141235/tools/bin/../lib/gcc/arm-none-eabi/11.3.1/../../../../arm-none-eabi/lib/thumb/v7e-m+fp/hard\libc_nano.a(libc_a-memset.o)
                0x000000000800e0aa                memset
 .text.strncmp  0x000000000800e0ba       0x24 C:/ST/STM32CubeIDE_1.11.2/STM32CubeIDE/plugins/com.st.stm32cube.ide.mcu.externaltools.gnu-tools-for-stm32.11.3.rel1.win32_1.1.100.202309141235/tools/bin/../lib/gcc/arm-none-eabi/11.3.1/../../../../arm-none-eabi/lib/thumb/v7e-m+fp/hard\libc_nano.a(libc_a-strncmp.o)
                0x000000000800e0ba                strncmp
 *fill*         0x000000000800e0de        0x2 
 .text._close_r
                0x000000000800e0e0       0x20 C:/ST/STM32CubeIDE_1.11.2/STM32CubeIDE/plugins/com.st.stm32cube.ide.mcu.externaltools.gnu-tools-for-stm32.11.3.rel1.win32_1.1.100.202309141235/tools/bin/../lib/gcc/arm-none-eabi/11.3.1/../../../../arm-none-eabi/lib/thumb/v7e-m+fp/hard\libc_nano.a(libc_a-closer.o)
                0x000000000800e0e0                _close_r
 .text._lseek_r
                0x000000000800e100       0x24 C:/ST/STM32CubeIDE_1.11.2/STM32CubeIDE/plugins/com.st.stm32cube.ide.mcu.externaltools.gnu-tools-for-stm32.11.3.rel1.win32_1.1.100.202309141235/tools/bin/../lib/gcc/arm-none-eabi/11.3.1/../../../../arm-none-eabi/lib/thumb/v7e-m+fp/hard\libc_nano.a(libc_a-lseekr.o)
                0x000000000800e100                _lseek_r
 .text._read_r  0x000000000800e124       0x24 C:/ST/STM32CubeIDE_1.11.2/STM32CubeIDE/plugins/com.st.stm32cube.ide.mcu.externaltools.gnu-tools-for-stm32.11.3.rel1.win32_1.1.100.202309141235/tools/bin/../lib/gcc/arm-none-eabi/11.3.1/../../../../arm-none-eabi/lib/thumb/v7e-m+fp/hard\libc_nano.a(libc_a-readr.o)
                0x000000000800e124                _read_r
 .text._sbrk_r  0x000000000800e148       0x20 C:/ST/STM32CubeIDE_1.11.2/STM32CubeIDE/plugins/com.st.stm32cube.ide.mcu.externaltools.gnu-tools-for-stm32.11.3.rel1.win32_1.1.100.202309141235/tools/bin/../lib/gcc/arm-none-eabi/11.3.1/../../../../arm-none-eabi/lib/thumb/v7e-m+fp/hard\libc_nano.a(libc_a-sbrkr.o)
                0x000000000800e148                _sbrk_r
 .text._write_r
                0x000000000800e168       0x24 C:/ST/STM32CubeIDE_1.11.2/STM32CubeIDE/plugins/com.st.stm32cube.ide.mcu.externaltools.gnu-tools-for-stm32.11.3.rel1.win32_1.1.100.202309141235/tools/bin/../lib/gcc/arm-none-eabi/11.3.1/../../../../arm-none-eabi/lib/thumb/v7e-m+fp/hard\libc_nano.a(libc_a-writer.o)
                0x000000000800e168                _write_r
 .text.__errno  0x000000000800e18c        0xc C:/ST/STM32CubeIDE_1.11.2/STM32CubeIDE/plugins/com.st.stm32cube.ide.mcu.externaltools.gnu-tools-for-stm32.11.3.rel1.win32_1.1.100.202309141235/tools/bin/../lib/gcc/arm-none-eabi/11.3.1/../../../../arm-none-eabi/lib/thumb/v7e-m+fp/hard\libc_nano.a(libc_a-errno.o)
                0x000000000800e18c                __errno
 .text.__libc_init_array
                0x000000000800e198       0x48 C:/ST/STM32CubeIDE_1.11.2/STM32CubeIDE/plugins/com.st.stm32cube.ide.mcu.externaltools.gnu-tools-for-stm32.11.3.rel1.win32_1.1.100.202309141235/tools/bin/../lib/gcc/arm-none-eabi/11.3.1/../../../../arm-none-eabi/lib/thumb/v7e-m+fp/hard\libc_nano.a(libc_a-init.o)
                0x000000000800e198                __libc_init_array
 .text.__retarget_lock_init_recursive
                0x000000000800e1e0        0x2 C:/ST/STM32CubeIDE_1.11.2/STM32CubeIDE/plugins/com.st.stm32cube.ide.mcu.externaltools.gnu-tools-for-stm32.11.3.rel1.win32_1.1.100.202309141235/tools/bin/../lib/gcc/arm-none-eabi/11.3.1/../../../../arm-none-eabi/lib/thumb/v7e-m+fp/hard\libc_nano.a(libc_a-lock.o)
                0x000000000800e1e0                __retarget_lock_init_recursive
 .text.__retarget_lock_acquire_recursive
                0x000000000800e1e2        0x2 C:/ST/STM32CubeIDE_1.11.2/STM32CubeIDE/plugins/com.st.stm32cube.ide.mcu.externaltools.gnu-tools-for-stm32.11.3.rel1.win32_1.1.100.202309141235/tools/bin/../lib/gcc/arm-none-eabi/11.3.1/../../../../arm-none-eabi/lib/thumb/v7e-m+fp/hard\libc_nano.a(libc_a-lock.o)
                0x000000000800e1e2                __retarget_lock_acquire_recursive
 .text.__retarget_lock_release_recursive
                0x000000000800e1e4        0x2 C:/ST/STM32CubeIDE_1.11.2/STM32CubeIDE/plugins/com.st.stm32cube.ide.mcu.externaltools.gnu-tools-for-stm32.11.3.rel1.win32_1.1.100.202309141235/tools/bin/../lib/gcc/arm-none-eabi/11.3.1/../../../../arm-none-eabi/lib/thumb/v7e-m+fp/hard\libc_nano.a(libc_a-lock.o)
                0x000000000800e1e4                __retarget_lock_release_recursive
 .text.memcpy   0x000000000800e1e6       0x1c C:/ST/STM32CubeIDE_1.11.2/STM32CubeIDE/plugins/com.st.stm32cube.ide.mcu.externaltools.gnu-tools-for-stm32.11.3.rel1.win32_1.1.100.202309141235/tools/bin/../lib/gcc/arm-none-eabi/11.3.1/../../../../arm-none-eabi/lib/thumb/v7e-m+fp/hard\libc_nano.a(libc_a-memcpy-stub.o)
                0x000000000800e1e6                memcpy
 *fill*         0x000000000800e202        0x6 
 .text.nan      0x000000000800e208       0x10 C:/ST/STM32CubeIDE_1.11.2/STM32CubeIDE/plugins/com.st.stm32cube.ide.mcu.externaltools.gnu-tools-for-stm32.11.3.rel1.win32_1.1.100.202309141235/tools/bin/../lib/gcc/arm-none-eabi/11.3.1/../../../../arm-none-eabi/lib/thumb/v7e-m+fp/hard\libc_nano.a(libm_a-s_nan.o)
                0x000000000800e208                nan
 .text._free_r  0x000000000800e218       0x98 C:/ST/STM32CubeIDE_1.11.2/STM32CubeIDE/plugins/com.st.stm32cube.ide.mcu.externaltools.gnu-tools-for-stm32.11.3.rel1.win32_1.1.100.202309141235/tools/bin/../lib/gcc/arm-none-eabi/11.3.1/../../../../arm-none-eabi/lib/thumb/v7e-m+fp/hard\libc_nano.a(libc_a-freer.o)
                0x000000000800e218                _free_r
 .text.rshift   0x000000000800e2b0       0xa4 C:/ST/STM32CubeIDE_1.11.2/STM32CubeIDE/plugins/com.st.stm32cube.ide.mcu.externaltools.gnu-tools-for-stm32.11.3.rel1.win32_1.1.100.202309141235/tools/bin/../lib/gcc/arm-none-eabi/11.3.1/../../../../arm-none-eabi/lib/thumb/v7e-m+fp/hard\libc_nano.a(libc_a-gdtoa-gethex.o)
 .text.__hexdig_fun
                0x000000000800e354       0x2a C:/ST/STM32CubeIDE_1.11.2/STM32CubeIDE/plugins/com.st.stm32cube.ide.mcu.externaltools.gnu-tools-for-stm32.11.3.rel1.win32_1.1.100.202309141235/tools/bin/../lib/gcc/arm-none-eabi/11.3.1/../../../../arm-none-eabi/lib/thumb/v7e-m+fp/hard\libc_nano.a(libc_a-gdtoa-gethex.o)
                0x000000000800e354                __hexdig_fun
 *fill*         0x000000000800e37e        0x2 
 .text.__gethex
                0x000000000800e380      0x45c C:/ST/STM32CubeIDE_1.11.2/STM32CubeIDE/plugins/com.st.stm32cube.ide.mcu.externaltools.gnu-tools-for-stm32.11.3.rel1.win32_1.1.100.202309141235/tools/bin/../lib/gcc/arm-none-eabi/11.3.1/../../../../arm-none-eabi/lib/thumb/v7e-m+fp/hard\libc_nano.a(libc_a-gdtoa-gethex.o)
                0x000000000800e380                __gethex
 .text.L_shift  0x000000000800e7dc       0x24 C:/ST/STM32CubeIDE_1.11.2/STM32CubeIDE/plugins/com.st.stm32cube.ide.mcu.externaltools.gnu-tools-for-stm32.11.3.rel1.win32_1.1.100.202309141235/tools/bin/../lib/gcc/arm-none-eabi/11.3.1/../../../../arm-none-eabi/lib/thumb/v7e-m+fp/hard\libc_nano.a(libc_a-gdtoa-hexnan.o)
 .text.__match  0x000000000800e800       0x28 C:/ST/STM32CubeIDE_1.11.2/STM32CubeIDE/plugins/com.st.stm32cube.ide.mcu.externaltools.gnu-tools-for-stm32.11.3.rel1.win32_1.1.100.202309141235/tools/bin/../lib/gcc/arm-none-eabi/11.3.1/../../../../arm-none-eabi/lib/thumb/v7e-m+fp/hard\libc_nano.a(libc_a-gdtoa-hexnan.o)
                0x000000000800e800                __match
 .text.__hexnan
                0x000000000800e828      0x136 C:/ST/STM32CubeIDE_1.11.2/STM32CubeIDE/plugins/com.st.stm32cube.ide.mcu.externaltools.gnu-tools-for-stm32.11.3.rel1.win32_1.1.100.202309141235/tools/bin/../lib/gcc/arm-none-eabi/11.3.1/../../../../arm-none-eabi/lib/thumb/v7e-m+fp/hard\libc_nano.a(libc_a-gdtoa-hexnan.o)
                0x000000000800e828                __hexnan
 .text.__ascii_mbtowc
                0x000000000800e95e       0x24 C:/ST/STM32CubeIDE_1.11.2/STM32CubeIDE/plugins/com.st.stm32cube.ide.mcu.externaltools.gnu-tools-for-stm32.11.3.rel1.win32_1.1.100.202309141235/tools/bin/../lib/gcc/arm-none-eabi/11.3.1/../../../../arm-none-eabi/lib/thumb/v7e-m+fp/hard\libc_nano.a(libc_a-mbtowc_r.o)
                0x000000000800e95e                __ascii_mbtowc
 *fill*         0x000000000800e982        0x2 
 .text._Balloc  0x000000000800e984       0x80 C:/ST/STM32CubeIDE_1.11.2/STM32CubeIDE/plugins/com.st.stm32cube.ide.mcu.externaltools.gnu-tools-for-stm32.11.3.rel1.win32_1.1.100.202309141235/tools/bin/../lib/gcc/arm-none-eabi/11.3.1/../../../../arm-none-eabi/lib/thumb/v7e-m+fp/hard\libc_nano.a(libc_a-mprec.o)
                0x000000000800e984                _Balloc
 .text._Bfree   0x000000000800ea04       0x44 C:/ST/STM32CubeIDE_1.11.2/STM32CubeIDE/plugins/com.st.stm32cube.ide.mcu.externaltools.gnu-tools-for-stm32.11.3.rel1.win32_1.1.100.202309141235/tools/bin/../lib/gcc/arm-none-eabi/11.3.1/../../../../arm-none-eabi/lib/thumb/v7e-m+fp/hard\libc_nano.a(libc_a-mprec.o)
                0x000000000800ea04                _Bfree
 .text.__multadd
                0x000000000800ea48       0x8c C:/ST/STM32CubeIDE_1.11.2/STM32CubeIDE/plugins/com.st.stm32cube.ide.mcu.externaltools.gnu-tools-for-stm32.11.3.rel1.win32_1.1.100.202309141235/tools/bin/../lib/gcc/arm-none-eabi/11.3.1/../../../../arm-none-eabi/lib/thumb/v7e-m+fp/hard\libc_nano.a(libc_a-mprec.o)
                0x000000000800ea48                __multadd
 .text.__s2b    0x000000000800ead4       0x94 C:/ST/STM32CubeIDE_1.11.2/STM32CubeIDE/plugins/com.st.stm32cube.ide.mcu.externaltools.gnu-tools-for-stm32.11.3.rel1.win32_1.1.100.202309141235/tools/bin/../lib/gcc/arm-none-eabi/11.3.1/../../../../arm-none-eabi/lib/thumb/v7e-m+fp/hard\libc_nano.a(libc_a-mprec.o)
                0x000000000800ead4                __s2b
 .text.__hi0bits
                0x000000000800eb68       0x40 C:/ST/STM32CubeIDE_1.11.2/STM32CubeIDE/plugins/com.st.stm32cube.ide.mcu.externaltools.gnu-tools-for-stm32.11.3.rel1.win32_1.1.100.202309141235/tools/bin/../lib/gcc/arm-none-eabi/11.3.1/../../../../arm-none-eabi/lib/thumb/v7e-m+fp/hard\libc_nano.a(libc_a-mprec.o)
                0x000000000800eb68                __hi0bits
 .text.__lo0bits
                0x000000000800eba8       0x5a C:/ST/STM32CubeIDE_1.11.2/STM32CubeIDE/plugins/com.st.stm32cube.ide.mcu.externaltools.gnu-tools-for-stm32.11.3.rel1.win32_1.1.100.202309141235/tools/bin/../lib/gcc/arm-none-eabi/11.3.1/../../../../arm-none-eabi/lib/thumb/v7e-m+fp/hard\libc_nano.a(libc_a-mprec.o)
                0x000000000800eba8                __lo0bits
 *fill*         0x000000000800ec02        0x2 
 .text.__i2b    0x000000000800ec04       0x2c C:/ST/STM32CubeIDE_1.11.2/STM32CubeIDE/plugins/com.st.stm32cube.ide.mcu.externaltools.gnu-tools-for-stm32.11.3.rel1.win32_1.1.100.202309141235/tools/bin/../lib/gcc/arm-none-eabi/11.3.1/../../../../arm-none-eabi/lib/thumb/v7e-m+fp/hard\libc_nano.a(libc_a-mprec.o)
                0x000000000800ec04                __i2b
 .text.__multiply
                0x000000000800ec30      0x154 C:/ST/STM32CubeIDE_1.11.2/STM32CubeIDE/plugins/com.st.stm32cube.ide.mcu.externaltools.gnu-tools-for-stm32.11.3.rel1.win32_1.1.100.202309141235/tools/bin/../lib/gcc/arm-none-eabi/11.3.1/../../../../arm-none-eabi/lib/thumb/v7e-m+fp/hard\libc_nano.a(libc_a-mprec.o)
                0x000000000800ec30                __multiply
 .text.__pow5mult
                0x000000000800ed84       0xb4 C:/ST/STM32CubeIDE_1.11.2/STM32CubeIDE/plugins/com.st.stm32cube.ide.mcu.externaltools.gnu-tools-for-stm32.11.3.rel1.win32_1.1.100.202309141235/tools/bin/../lib/gcc/arm-none-eabi/11.3.1/../../../../arm-none-eabi/lib/thumb/v7e-m+fp/hard\libc_nano.a(libc_a-mprec.o)
                0x000000000800ed84                __pow5mult
 .text.__lshift
                0x000000000800ee38       0xd8 C:/ST/STM32CubeIDE_1.11.2/STM32CubeIDE/plugins/com.st.stm32cube.ide.mcu.externaltools.gnu-tools-for-stm32.11.3.rel1.win32_1.1.100.202309141235/tools/bin/../lib/gcc/arm-none-eabi/11.3.1/../../../../arm-none-eabi/lib/thumb/v7e-m+fp/hard\libc_nano.a(libc_a-mprec.o)
                0x000000000800ee38                __lshift
 .text.__mcmp   0x000000000800ef10       0x38 C:/ST/STM32CubeIDE_1.11.2/STM32CubeIDE/plugins/com.st.stm32cube.ide.mcu.externaltools.gnu-tools-for-stm32.11.3.rel1.win32_1.1.100.202309141235/tools/bin/../lib/gcc/arm-none-eabi/11.3.1/../../../../arm-none-eabi/lib/thumb/v7e-m+fp/hard\libc_nano.a(libc_a-mprec.o)
                0x000000000800ef10                __mcmp
 .text.__mdiff  0x000000000800ef48      0x114 C:/ST/STM32CubeIDE_1.11.2/STM32CubeIDE/plugins/com.st.stm32cube.ide.mcu.externaltools.gnu-tools-for-stm32.11.3.rel1.win32_1.1.100.202309141235/tools/bin/../lib/gcc/arm-none-eabi/11.3.1/../../../../arm-none-eabi/lib/thumb/v7e-m+fp/hard\libc_nano.a(libc_a-mprec.o)
                0x000000000800ef48                __mdiff
 .text.__ulp    0x000000000800f05c       0x4c C:/ST/STM32CubeIDE_1.11.2/STM32CubeIDE/plugins/com.st.stm32cube.ide.mcu.externaltools.gnu-tools-for-stm32.11.3.rel1.win32_1.1.100.202309141235/tools/bin/../lib/gcc/arm-none-eabi/11.3.1/../../../../arm-none-eabi/lib/thumb/v7e-m+fp/hard\libc_nano.a(libc_a-mprec.o)
                0x000000000800f05c                __ulp
 .text.__b2d    0x000000000800f0a8       0x94 C:/ST/STM32CubeIDE_1.11.2/STM32CubeIDE/plugins/com.st.stm32cube.ide.mcu.externaltools.gnu-tools-for-stm32.11.3.rel1.win32_1.1.100.202309141235/tools/bin/../lib/gcc/arm-none-eabi/11.3.1/../../../../arm-none-eabi/lib/thumb/v7e-m+fp/hard\libc_nano.a(libc_a-mprec.o)
                0x000000000800f0a8                __b2d
 .text.__d2b    0x000000000800f13c       0xb4 C:/ST/STM32CubeIDE_1.11.2/STM32CubeIDE/plugins/com.st.stm32cube.ide.mcu.externaltools.gnu-tools-for-stm32.11.3.rel1.win32_1.1.100.202309141235/tools/bin/../lib/gcc/arm-none-eabi/11.3.1/../../../../arm-none-eabi/lib/thumb/v7e-m+fp/hard\libc_nano.a(libc_a-mprec.o)
                0x000000000800f13c                __d2b
 .text.__ratio  0x000000000800f1f0       0x66 C:/ST/STM32CubeIDE_1.11.2/STM32CubeIDE/plugins/com.st.stm32cube.ide.mcu.externaltools.gnu-tools-for-stm32.11.3.rel1.win32_1.1.100.202309141235/tools/bin/../lib/gcc/arm-none-eabi/11.3.1/../../../../arm-none-eabi/lib/thumb/v7e-m+fp/hard\libc_nano.a(libc_a-mprec.o)
                0x000000000800f1f0                __ratio
 .text.__copybits
                0x000000000800f256       0x46 C:/ST/STM32CubeIDE_1.11.2/STM32CubeIDE/plugins/com.st.stm32cube.ide.mcu.externaltools.gnu-tools-for-stm32.11.3.rel1.win32_1.1.100.202309141235/tools/bin/../lib/gcc/arm-none-eabi/11.3.1/../../../../arm-none-eabi/lib/thumb/v7e-m+fp/hard\libc_nano.a(libc_a-mprec.o)
                0x000000000800f256                __copybits
 .text.__any_on
                0x000000000800f29c       0x42 C:/ST/STM32CubeIDE_1.11.2/STM32CubeIDE/plugins/com.st.stm32cube.ide.mcu.externaltools.gnu-tools-for-stm32.11.3.rel1.win32_1.1.100.202309141235/tools/bin/../lib/gcc/arm-none-eabi/11.3.1/../../../../arm-none-eabi/lib/thumb/v7e-m+fp/hard\libc_nano.a(libc_a-mprec.o)
                0x000000000800f29c                __any_on
 .text.__ascii_wctomb
                0x000000000800f2de       0x1a C:/ST/STM32CubeIDE_1.11.2/STM32CubeIDE/plugins/com.st.stm32cube.ide.mcu.externaltools.gnu-tools-for-stm32.11.3.rel1.win32_1.1.100.202309141235/tools/bin/../lib/gcc/arm-none-eabi/11.3.1/../../../../arm-none-eabi/lib/thumb/v7e-m+fp/hard\libc_nano.a(libc_a-wctomb_r.o)
                0x000000000800f2de                __ascii_wctomb
 .text.__sflush_r
                0x000000000800f2f8      0x10c C:/ST/STM32CubeIDE_1.11.2/STM32CubeIDE/plugins/com.st.stm32cube.ide.mcu.externaltools.gnu-tools-for-stm32.11.3.rel1.win32_1.1.100.202309141235/tools/bin/../lib/gcc/arm-none-eabi/11.3.1/../../../../arm-none-eabi/lib/thumb/v7e-m+fp/hard\libc_nano.a(libc_a-fflush.o)
                0x000000000800f2f8                __sflush_r
 .text._fflush_r
                0x000000000800f404       0x50 C:/ST/STM32CubeIDE_1.11.2/STM32CubeIDE/plugins/com.st.stm32cube.ide.mcu.externaltools.gnu-tools-for-stm32.11.3.rel1.win32_1.1.100.202309141235/tools/bin/../lib/gcc/arm-none-eabi/11.3.1/../../../../arm-none-eabi/lib/thumb/v7e-m+fp/hard\libc_nano.a(libc_a-fflush.o)
                0x000000000800f404                _fflush_r
 .text.__assert_func
                0x000000000800f454       0x3c C:/ST/STM32CubeIDE_1.11.2/STM32CubeIDE/plugins/com.st.stm32cube.ide.mcu.externaltools.gnu-tools-for-stm32.11.3.rel1.win32_1.1.100.202309141235/tools/bin/../lib/gcc/arm-none-eabi/11.3.1/../../../../arm-none-eabi/lib/thumb/v7e-m+fp/hard\libc_nano.a(libc_a-assert.o)
                0x000000000800f454                __assert_func
 .text._calloc_r
                0x000000000800f490       0x2c C:/ST/STM32CubeIDE_1.11.2/STM32CubeIDE/plugins/com.st.stm32cube.ide.mcu.externaltools.gnu-tools-for-stm32.11.3.rel1.win32_1.1.100.202309141235/tools/bin/../lib/gcc/arm-none-eabi/11.3.1/../../../../arm-none-eabi/lib/thumb/v7e-m+fp/hard\libc_nano.a(libc_a-callocr.o)
                0x000000000800f490                _calloc_r
 .text.fprintf  0x000000000800f4bc       0x24 C:/ST/STM32CubeIDE_1.11.2/STM32CubeIDE/plugins/com.st.stm32cube.ide.mcu.externaltools.gnu-tools-for-stm32.11.3.rel1.win32_1.1.100.202309141235/tools/bin/../lib/gcc/arm-none-eabi/11.3.1/../../../../arm-none-eabi/lib/thumb/v7e-m+fp/hard\libc_nano.a(libc_a-fprintf.o)
                0x000000000800f4bc                fiprintf
                0x000000000800f4bc                fprintf
 .text.abort    0x000000000800f4e0        0xe C:/ST/STM32CubeIDE_1.11.2/STM32CubeIDE/plugins/com.st.stm32cube.ide.mcu.externaltools.gnu-tools-for-stm32.11.3.rel1.win32_1.1.100.202309141235/tools/bin/../lib/gcc/arm-none-eabi/11.3.1/../../../../arm-none-eabi/lib/thumb/v7e-m+fp/hard\libc_nano.a(libc_a-abort.o)
                0x000000000800f4e0                abort
 .text.__sfputc_r