../Core/Src/main.c:83:6:HAL_TIM_PeriodElapsedCallback	8
../Core/Src/main.c:145:6:pointerWorks	1
../Core/Src/main.c:160:5:main	1
../Core/Src/main.c:223:6:SystemClock_Config	4
../Core/Src/main.c:276:13:MX_TIM1_Init	3
../Core/Src/main.c:327:13:MX_TIM2_Init	3
../Core/Src/main.c:376:13:MX_TIM15_Init	6
../Core/Src/main.c:446:13:MX_TIM16_Init	2
../Core/Src/main.c:478:13:MX_TIM17_Init	5
../Core/Src/main.c:541:13:MX_USART1_UART_Init	2
../Core/Src/main.c:576:13:MX_USART2_UART_Init	2
../Core/Src/main.c:611:13:MX_GPIO_Init	1
../Core/Src/main.c:679:6:Error_Handler	1
