../Core/Src/main.c:79:6:HAL_TIM_PeriodElapsedCallback	8
../Core/Src/main.c:140:5:main	1
../Core/Src/main.c:198:6:SystemClock_Config	4
../Core/Src/main.c:251:13:MX_TIM1_Init	3
../Core/Src/main.c:302:13:MX_TIM2_Init	3
../Core/Src/main.c:351:13:MX_TIM15_Init	6
../Core/Src/main.c:421:13:MX_TIM16_Init	2
../Core/Src/main.c:453:13:MX_TIM17_Init	5
../Core/Src/main.c:516:13:MX_USART1_UART_Init	2
../Core/Src/main.c:551:13:MX_USART2_UART_Init	2
../Core/Src/main.c:586:13:MX_GPIO_Init	1
../Core/Src/main.c:642:6:Error_Handler	1
