../Core/Src/main.c:83:6:HAL_TIM_PeriodElapsedCallback	16	static
../Core/Src/main.c:146:6:pointerWorks	4	static
../Core/Src/main.c:161:5:main	8	static
../Core/Src/main.c:224:6:SystemClock_Config	120	static
../Core/Src/main.c:277:13:MX_TIM1_Init	56	static
../Core/Src/main.c:328:13:MX_TIM2_Init	56	static
../Core/Src/main.c:377:13:MX_TIM15_Init	96	static
../Core/Src/main.c:447:13:MX_TIM16_Init	8	static
../Core/Src/main.c:479:13:MX_TIM17_Init	80	static
../Core/Src/main.c:542:13:MX_USART1_UART_Init	8	static
../Core/Src/main.c:577:13:MX_USART2_UART_Init	8	static
../Core/Src/main.c:612:13:MX_GPIO_Init	48	static
../Core/Src/main.c:680:6:Error_Handler	4	static,ignoring_inline_asm
