../modules/role/role.c:12:6:signalInit	8	static
../modules/role/role.c:23:6:bldcReverseSignal	16	static
../modules/role/role.c:30:6:bldcForwardSignal	16	static
../modules/role/role.c:35:6:rightSignalOpen	16	static
../modules/role/role.c:42:6:rightSignalClose	16	static
../modules/role/role.c:48:6:leftSignalOpen	16	static
../modules/role/role.c:52:6:leftSignalClose	16	static
../modules/role/role.c:57:6:stopSignalOpen	16	static
../modules/role/role.c:61:6:stopSignalClose	16	static
../modules/role/role.c:67:6:emergencySignalClose	16	static
../modules/role/role.c:73:6:emergencySignalOpen	16	static
../modules/role/role.c:80:6:frontSignalOpen	16	static
../modules/role/role.c:87:6:frontSignalClose	16	static
../modules/role/role.c:94:6:signalDispose	8	static
../modules/role/role.c:104:6:switchAdjust	16	static
../modules/role/role.c:213:6:delay_ms	24	static
