../modules/modbus/modbus.c:15:6:HAL_UARTEx_RxEventCallback	16	static
../modules/modbus/modbus.c:29:6:modbus_Init	16	static
../modules/modbus/modbus.c:36:13:modbusClearReciveBuffer	8	static
../modules/modbus/modbus.c:40:13:modbusClearSendBuffer	8	static
../modules/modbus/modbus.c:43:13:modbusCheckRecivedCRC	16	static
../modules/modbus/modbus.c:59:13:modbusCalculateSendedCRC	16	static
../modules/modbus/modbus.c:62:13:modbusReadHoldingRegisterFunction	32	static
../modules/modbus/modbus.c:99:13:modbusWriteMultipleRegisterFunction	32	static
../modules/modbus/modbus.c:128:13:modbusWriteSingleRegisterFunction	16	static
../modules/modbus/modbus.c:139:6:modbus_Loop	8	static
